2018-05-15 18:34:42.839114: W tensorflow/core/platform/cpu_feature_guard.cc:45] The TensorFlow library wasn't compiled to use SSE4.1 instructions, but these are available on your machine and could speed up CPU computations.
2018-05-15 18:34:42.839134: W tensorflow/core/platform/cpu_feature_guard.cc:45] The TensorFlow library wasn't compiled to use SSE4.2 instructions, but these are available on your machine and could speed up CPU computations.
2018-05-15 18:34:42.839140: W tensorflow/core/platform/cpu_feature_guard.cc:45] The TensorFlow library wasn't compiled to use AVX instructions, but these are available on your machine and could speed up CPU computations.
2018-05-15 18:34:42.839145: W tensorflow/core/platform/cpu_feature_guard.cc:45] The TensorFlow library wasn't compiled to use AVX2 instructions, but these are available on your machine and could speed up CPU computations.
2018-05-15 18:34:42.839149: W tensorflow/core/platform/cpu_feature_guard.cc:45] The TensorFlow library wasn't compiled to use FMA instructions, but these are available on your machine and could speed up CPU computations.
2018-05-15 18:34:42.952285: I tensorflow/stream_executor/cuda/cuda_gpu_executor.cc:893] successful NUMA node read from SysFS had negative value (-1), but there must be at least one NUMA node, so returning NUMA node zero
2018-05-15 18:34:42.952560: I tensorflow/core/common_runtime/gpu/gpu_device.cc:955] Found device 0 with properties: 
name: GeForce GTX 1080 Ti
major: 6 minor: 1 memoryClockRate (GHz) 1.582
pciBusID 0000:01:00.0
Total memory: 10.91GiB
Free memory: 9.63GiB
2018-05-15 18:34:42.952575: I tensorflow/core/common_runtime/gpu/gpu_device.cc:976] DMA: 0 
2018-05-15 18:34:42.952581: I tensorflow/core/common_runtime/gpu/gpu_device.cc:986] 0:   Y 
2018-05-15 18:34:42.952590: I tensorflow/core/common_runtime/gpu/gpu_device.cc:1045] Creating TensorFlow device (/gpu:0) -> (device: 0, name: GeForce GTX 1080 Ti, pci bus id: 0000:01:00.0)
building is finished

Creating checkpoint at lstm/test_res_net_1000_emb150_nl1_nn100_bs32_nu10/checkpoints/0


step: 0
learning_rate: 4.0
results on train dataset
loss: 5.3175
bpc: 7.67153
perplexity: 192.041
accuracy: 0.0
results on validation dataset default_1
loss: 4.80126386992
bpc: 6.92675954991
perplexity: 181.506947717
accuracy: 0.146511627907


step: 100
learning_rate: 4.0
results on train dataset
loss: 2.66466
bpc: 3.84429
perplexity: 15.6215
accuracy: 0.240625
results on validation dataset default_1
loss: 2.62604200307
bpc: 3.78857776776
perplexity: 17.7653143375
accuracy: 0.25988372093

Creating checkpoint at lstm/test_res_net_1000_emb150_nl1_nn100_bs32_nu10/checkpoints/200


step: 200
learning_rate: 4.0
results on train dataset
loss: 2.3321
bpc: 3.3645
perplexity: 12.0131
accuracy: 0.334375
results on validation dataset default_1
loss: 2.4453058193
bpc: 3.52783056774
perplexity: 14.198627698
accuracy: 0.286627906977


step: 300
learning_rate: 4.0
results on train dataset
loss: 2.44815
bpc: 3.53194
perplexity: 12.9416
accuracy: 0.325
results on validation dataset default_1
loss: 2.29029529679
bpc: 3.30419765932
perplexity: 12.0231754209
accuracy: 0.354069767442

Creating checkpoint at lstm/test_res_net_1000_emb150_nl1_nn100_bs32_nu10/checkpoints/400


step: 400
learning_rate: 4.0
results on train dataset
loss: 2.09471
bpc: 3.02202
perplexity: 11.1623
accuracy: 0.375
results on validation dataset default_1
loss: 2.25774380503
bpc: 3.25723577898
perplexity: 11.1036310084
accuracy: 0.370348837209


step: 500
learning_rate: 4.0
results on train dataset
loss: 2.26775
bpc: 3.27167
perplexity: 11.2743
accuracy: 0.328125
results on validation dataset default_1
loss: 2.18475848705
bpc: 3.15194022982
perplexity: 11.9708410519
accuracy: 0.373255813953

Creating checkpoint at lstm/test_res_net_1000_emb150_nl1_nn100_bs32_nu10/checkpoints/600


step: 600
learning_rate: 4.0
results on train dataset
loss: 2.13651
bpc: 3.08234
perplexity: 11.0684
accuracy: 0.4125
results on validation dataset default_1
loss: 2.14340763884
bpc: 3.09228356162
perplexity: 10.1144992872
accuracy: 0.390697674419


step: 700
learning_rate: 4.0
results on train dataset
loss: 2.2039
bpc: 3.17955
perplexity: 12.4151
accuracy: 0.375
results on validation dataset default_1
loss: 2.10089577788
bpc: 3.03095191034
perplexity: 10.7849085201
accuracy: 0.397093023256

Creating checkpoint at lstm/test_res_net_1000_emb150_nl1_nn100_bs32_nu10/checkpoints/800


step: 800
learning_rate: 4.0
results on train dataset
loss: 2.27046
bpc: 3.27558
perplexity: 12.981
accuracy: 0.3625
results on validation dataset default_1
loss: 2.07684222906
bpc: 2.99624997317
perplexity: 10.5370243889
accuracy: 0.393604651163


step: 900
learning_rate: 4.0
results on train dataset
loss: 2.04579
bpc: 2.95146
perplexity: 10.2117
accuracy: 0.39375
results on validation dataset default_1
loss: 2.0318439628
bpc: 2.93133120042
perplexity: 10.0443430477
accuracy: 0.417441860465

Creating checkpoint at lstm/test_res_net_1000_emb150_nl1_nn100_bs32_nu10/checkpoints/1000


step: 1000
learning_rate: 4.0
results on train dataset
loss: 2.17758
bpc: 3.14158
perplexity: 10.1916
accuracy: 0.4
results on validation dataset default_1
loss: 2.0274196974
bpc: 2.92494833582
perplexity: 10.3026496457
accuracy: 0.408139534884


step: 1100
learning_rate: 4.0
results on train dataset
loss: 1.88777
bpc: 2.72348
perplexity: 8.84426
accuracy: 0.453125
results on validation dataset default_1
loss: 2.00214075557
bpc: 2.88847853412
perplexity: 9.06513920184
accuracy: 0.429069767442

Creating checkpoint at lstm/test_res_net_1000_emb150_nl1_nn100_bs32_nu10/checkpoints/1200


step: 1200
learning_rate: 4.0
results on train dataset
loss: 1.83059
bpc: 2.64098
perplexity: 9.21808
accuracy: 0.428125
results on validation dataset default_1
loss: 1.99696491301
bpc: 2.8810113682
perplexity: 9.10952002198
accuracy: 0.406976744186


step: 1300
learning_rate: 4.0
results on train dataset
loss: 1.91344
bpc: 2.76051
perplexity: 8.80269
accuracy: 0.365625
results on validation dataset default_1
loss: 1.97188061464
bpc: 2.84482237925
perplexity: 9.45305026035
accuracy: 0.435465116279

Creating checkpoint at lstm/test_res_net_1000_emb150_nl1_nn100_bs32_nu10/checkpoints/1400


step: 1400
learning_rate: 4.0
results on train dataset
loss: 1.872
bpc: 2.70073
perplexity: 9.09546
accuracy: 0.4375
results on validation dataset default_1
loss: 1.93877292786
bpc: 2.79705808375
perplexity: 9.25343562254
accuracy: 0.436627906977


step: 1500
learning_rate: 4.0
results on train dataset
loss: 1.77043
bpc: 2.5542
perplexity: 8.2876
accuracy: 0.509375
results on validation dataset default_1
loss: 1.92095703727
bpc: 2.77135518658
perplexity: 9.09874324494
accuracy: 0.454651162791

Creating checkpoint at lstm/test_res_net_1000_emb150_nl1_nn100_bs32_nu10/checkpoints/1600


step: 1600
learning_rate: 4.0
results on train dataset
loss: 2.00892
bpc: 2.89825
perplexity: 10.0318
accuracy: 0.3875
results on validation dataset default_1
loss: 1.95532613755
bpc: 2.82093931734
perplexity: 8.92250525723
accuracy: 0.43488372093


step: 1700
learning_rate: 4.0
results on train dataset
loss: 1.67158
bpc: 2.41158
perplexity: 8.25168
accuracy: 0.525
results on validation dataset default_1
loss: 1.91125301407
bpc: 2.75735523752
perplexity: 8.55303429469
accuracy: 0.44476744186

Creating checkpoint at lstm/test_res_net_1000_emb150_nl1_nn100_bs32_nu10/checkpoints/1800


step: 1800
learning_rate: 4.0
results on train dataset
loss: 2.01745
bpc: 2.91057
perplexity: 9.7118
accuracy: 0.403125
results on validation dataset default_1
loss: 1.92099761406
bpc: 2.77141372489
perplexity: 8.69065115334
accuracy: 0.449418604651


step: 1900
learning_rate: 4.0
results on train dataset
loss: 2.0415
bpc: 2.94526
perplexity: 9.0962
accuracy: 0.4
results on validation dataset default_1
loss: 1.88097531793
bpc: 2.71367375531
perplexity: 8.44045301073
accuracy: 0.455813953488

Creating checkpoint at lstm/test_res_net_1000_emb150_nl1_nn100_bs32_nu10/checkpoints/2000


step: 2000
learning_rate: 4.0
results on train dataset
loss: 1.90982
bpc: 2.75529
perplexity: 8.86673
accuracy: 0.40625
results on validation dataset default_1
loss: 1.8773600471
bpc: 2.70845802203
perplexity: 8.65355949104
accuracy: 0.451162790698


step: 2100
learning_rate: 4.0
results on train dataset
loss: 1.77035
bpc: 2.55407
perplexity: 9.37222
accuracy: 0.50625
results on validation dataset default_1
loss: 1.90665408646
bpc: 2.75072038763
perplexity: 8.39445604557
accuracy: 0.457558139535

Creating checkpoint at lstm/test_res_net_1000_emb150_nl1_nn100_bs32_nu10/checkpoints/2200


step: 2200
learning_rate: 4.0
results on train dataset
loss: 1.91576
bpc: 2.76386
perplexity: 8.03104
accuracy: 0.40625
results on validation dataset default_1
loss: 1.89547913991
bpc: 2.73459834569
perplexity: 8.23849898507
accuracy: 0.465697674419


step: 2300
learning_rate: 4.0
results on train dataset
loss: 1.88815
bpc: 2.72403
perplexity: 8.57947
accuracy: 0.415625
results on validation dataset default_1
loss: 1.84781853781
bpc: 2.66583863469
perplexity: 8.29795932603
accuracy: 0.45988372093

Creating checkpoint at lstm/test_res_net_1000_emb150_nl1_nn100_bs32_nu10/checkpoints/2400


step: 2400
learning_rate: 4.0
results on train dataset
loss: 1.81753
bpc: 2.62214
perplexity: 8.08097
accuracy: 0.459375
results on validation dataset default_1
loss: 1.84395568388
bpc: 2.66026571257
perplexity: 8.18269804619
accuracy: 0.473837209302


step: 2500
learning_rate: 4.0
results on train dataset
loss: 1.72776
bpc: 2.49263
perplexity: 8.44563
accuracy: 0.503125
results on validation dataset default_1
loss: 1.88008552082
bpc: 2.71239004953
perplexity: 7.7933323296
accuracy: 0.461046511628

Creating checkpoint at lstm/test_res_net_1000_emb150_nl1_nn100_bs32_nu10/checkpoints/2600


step: 2600
learning_rate: 4.0
results on train dataset
loss: 1.8159
bpc: 2.61979
perplexity: 8.19637
accuracy: 0.496875
results on validation dataset default_1
loss: 1.89531045872
bpc: 2.73435499368
perplexity: 8.03206646886
accuracy: 0.456395348837


step: 2700
learning_rate: 4.0
results on train dataset
loss: 1.79832
bpc: 2.59443
perplexity: 8.1016
accuracy: 0.446875
results on validation dataset default_1
loss: 1.85423671051
bpc: 2.67509810136
perplexity: 8.40113052573
accuracy: 0.461046511628

Creating checkpoint at lstm/test_res_net_1000_emb150_nl1_nn100_bs32_nu10/checkpoints/2800


step: 2800
learning_rate: 4.0
results on train dataset
loss: 1.78661
bpc: 2.57753
perplexity: 8.67706
accuracy: 0.4625
results on validation dataset default_1
loss: 1.86601379993
bpc: 2.69208884762
perplexity: 7.90089620511
accuracy: 0.459302325581


step: 2900
learning_rate: 4.0
results on train dataset
loss: 1.73886
bpc: 2.50864
perplexity: 7.45447
accuracy: 0.46875
results on validation dataset default_1
loss: 1.83111876712
bpc: 2.64174595772
perplexity: 8.24833309297
accuracy: 0.466279069767

Creating checkpoint at lstm/test_res_net_1000_emb150_nl1_nn100_bs32_nu10/checkpoints/3000


step: 3000
learning_rate: 4.0
results on train dataset
loss: 1.60221
bpc: 2.3115
perplexity: 7.56652
accuracy: 0.49375
results on validation dataset default_1
loss: 1.85946248382
bpc: 2.68263729471
perplexity: 7.7885416437
accuracy: 0.45


step: 3100
learning_rate: 4.0
results on train dataset
loss: 1.67054
bpc: 2.41008
perplexity: 7.91138
accuracy: 0.490625
results on validation dataset default_1
loss: 1.82235477578
bpc: 2.62910218978
perplexity: 7.70436716239
accuracy: 0.473837209302

Creating checkpoint at lstm/test_res_net_1000_emb150_nl1_nn100_bs32_nu10/checkpoints/3200


step: 3200
learning_rate: 4.0
results on train dataset
loss: 1.88422
bpc: 2.71835
perplexity: 8.48287
accuracy: 0.44375
results on validation dataset default_1
loss: 1.82312472069
bpc: 2.63021298833
perplexity: 7.84114705823
accuracy: 0.487209302326


step: 3300
learning_rate: 4.0
results on train dataset
loss: 1.65627
bpc: 2.3895
perplexity: 8.4415
accuracy: 0.490625
results on validation dataset default_1
loss: 1.81383948933
bpc: 2.61681722812
perplexity: 8.12813377152
accuracy: 0.492441860465

Creating checkpoint at lstm/test_res_net_1000_emb150_nl1_nn100_bs32_nu10/checkpoints/3400


step: 3400
learning_rate: 4.0
results on train dataset
loss: 1.81817
bpc: 2.62306
perplexity: 8.54708
accuracy: 0.459375
results on validation dataset default_1
loss: 1.82846347135
bpc: 2.63791517397
perplexity: 7.62225994773
accuracy: 0.473255813953


step: 3500
learning_rate: 4.0
results on train dataset
loss: 1.61418
bpc: 2.32877
perplexity: 7.23753
accuracy: 0.4875
results on validation dataset default_1
loss: 1.83008104115
bpc: 2.64024884013
perplexity: 7.78568851463
accuracy: 0.483139534884

Creating checkpoint at lstm/test_res_net_1000_emb150_nl1_nn100_bs32_nu10/checkpoints/3600


step: 3600
learning_rate: 4.0
results on train dataset
loss: 1.6999
bpc: 2.45244
perplexity: 7.73023
accuracy: 0.50625
results on validation dataset default_1
loss: 1.8168896768
bpc: 2.6212177166
perplexity: 7.63724887205
accuracy: 0.476744186047


step: 3700
learning_rate: 4.0
results on train dataset
loss: 1.84238
bpc: 2.65799
perplexity: 8.36079
accuracy: 0.48125
results on validation dataset default_1
loss: 1.81582766987
bpc: 2.61968556847
perplexity: 8.08904767889
accuracy: 0.46976744186

Creating checkpoint at lstm/test_res_net_1000_emb150_nl1_nn100_bs32_nu10/checkpoints/3800


step: 3800
learning_rate: 4.0
results on train dataset
loss: 1.76459
bpc: 2.54576
perplexity: 8.6244
accuracy: 0.478125
results on validation dataset default_1
loss: 1.84436526087
bpc: 2.66085660694
perplexity: 7.58916720055
accuracy: 0.473255813953


step: 3900
learning_rate: 4.0
results on train dataset
loss: 1.87376
bpc: 2.70327
perplexity: 8.20959
accuracy: 0.428125
results on validation dataset default_1
loss: 1.82623556429
bpc: 2.63470098483
perplexity: 8.207770227
accuracy: 0.473837209302

Creating checkpoint at lstm/test_res_net_1000_emb150_nl1_nn100_bs32_nu10/checkpoints/4000


step: 4000
learning_rate: 4.0
results on train dataset
loss: 1.88419
bpc: 2.7183
perplexity: 8.08215
accuracy: 0.415625
results on validation dataset default_1
loss: 1.87287056694
bpc: 2.70198107206
perplexity: 7.56123637398
accuracy: 0.464534883721


step: 4100
learning_rate: 4.0
results on train dataset
loss: 1.68122
bpc: 2.42549
perplexity: 7.7277
accuracy: 0.50625
results on validation dataset default_1
loss: 1.84881468007
bpc: 2.66727576488
perplexity: 7.75994751641
accuracy: 0.458720930233

Creating checkpoint at lstm/test_res_net_1000_emb150_nl1_nn100_bs32_nu10/checkpoints/4200


step: 4200
learning_rate: 4.0
results on train dataset
loss: 1.82084
bpc: 2.62692
perplexity: 8.04824
accuracy: 0.4625
results on validation dataset default_1
loss: 1.82699556265
bpc: 2.63579742899
perplexity: 7.93601021198
accuracy: 0.48023255814


step: 4300
learning_rate: 4.0
results on train dataset
loss: 1.70139
bpc: 2.45459
perplexity: 7.84626
accuracy: 0.49375
results on validation dataset default_1
loss: 1.80319899385
bpc: 2.60146623979
perplexity: 7.99630406076
accuracy: 0.485465116279

Creating checkpoint at lstm/test_res_net_1000_emb150_nl1_nn100_bs32_nu10/checkpoints/4400


step: 4400
learning_rate: 4.0
results on train dataset
loss: 1.84127
bpc: 2.65639
perplexity: 8.36934
accuracy: 0.434375
results on validation dataset default_1
loss: 1.83003297494
bpc: 2.64017948966
perplexity: 7.59420013324
accuracy: 0.462790697674


step: 4500
learning_rate: 4.0
results on train dataset
loss: 1.81617
bpc: 2.62018
perplexity: 8.37779
accuracy: 0.48125
results on validation dataset default_1
loss: 1.80265287996
bpc: 2.60067836248
perplexity: 7.67822031559
accuracy: 0.466860465116

Creating checkpoint at lstm/test_res_net_1000_emb150_nl1_nn100_bs32_nu10/checkpoints/4600


step: 4600
learning_rate: 4.0
results on train dataset
loss: 1.70279
bpc: 2.4566
perplexity: 7.92728
accuracy: 0.471875
results on validation dataset default_1
loss: 1.81267425805
bpc: 2.6151361545
perplexity: 7.8170645029
accuracy: 0.470348837209


step: 4700
learning_rate: 4.0
results on train dataset
loss: 1.7721
bpc: 2.5566
perplexity: 7.87528
accuracy: 0.4875
results on validation dataset default_1
loss: 1.752981149
bpc: 2.52901720385
perplexity: 7.8397660997
accuracy: 0.487209302326

Creating checkpoint at lstm/test_res_net_1000_emb150_nl1_nn100_bs32_nu10/checkpoints/4800


step: 4800
learning_rate: 4.0
results on train dataset
loss: 1.37402
bpc: 1.98229
perplexity: 7.15254
accuracy: 0.553125
results on validation dataset default_1
loss: 1.79895960925
bpc: 2.59535010026
perplexity: 7.75855373941
accuracy: 0.470930232558


step: 4900
learning_rate: 4.0
results on train dataset
loss: 1.61777
bpc: 2.33395
perplexity: 8.05308
accuracy: 0.521875
results on validation dataset default_1
loss: 1.79530366373
bpc: 2.59007568392
perplexity: 7.61685489056
accuracy: 0.467441860465

Creating checkpoint at lstm/test_res_net_1000_emb150_nl1_nn100_bs32_nu10/checkpoints/5000


step: 5000
learning_rate: 4.0
results on train dataset
loss: 1.5107
bpc: 2.17948
perplexity: 7.09305
accuracy: 0.54375
results on validation dataset default_1
loss: 1.77930207169
bpc: 2.56699026531
perplexity: 7.57595783916
accuracy: 0.483139534884


step: 5100
learning_rate: 4.0
results on train dataset
loss: 1.80162
bpc: 2.59918
perplexity: 7.80308
accuracy: 0.44375
results on validation dataset default_1
loss: 1.80926158946
bpc: 2.61021271358
perplexity: 7.30402825024
accuracy: 0.479069767442

Creating checkpoint at lstm/test_res_net_1000_emb150_nl1_nn100_bs32_nu10/checkpoints/5200


step: 5200
learning_rate: 4.0
results on train dataset
loss: 1.76297
bpc: 2.54342
perplexity: 7.67575
accuracy: 0.475
results on validation dataset default_1
loss: 1.80366370186
bpc: 2.60213666701
perplexity: 7.54817561715
accuracy: 0.469186046512


step: 5300
learning_rate: 4.0
results on train dataset
loss: 1.77486
bpc: 2.56058
perplexity: 7.23211
accuracy: 0.4875
results on validation dataset default_1
loss: 1.80670976218
bpc: 2.6065312095
perplexity: 7.75594474063
accuracy: 0.477325581395

Creating checkpoint at lstm/test_res_net_1000_emb150_nl1_nn100_bs32_nu10/checkpoints/5400


step: 5400
learning_rate: 4.0
results on train dataset
loss: 1.55092
bpc: 2.23751
perplexity: 7.04812
accuracy: 0.51875
results on validation dataset default_1
loss: 1.79883300313
bpc: 2.59516744099
perplexity: 7.52053205704
accuracy: 0.475581395349


step: 5500
learning_rate: 4.0
results on train dataset
loss: 1.64571
bpc: 2.37426
perplexity: 7.43329
accuracy: 0.496875
results on validation dataset default_1
loss: 1.80620418943
bpc: 2.60580181826
perplexity: 7.68108066736
accuracy: 0.478488372093

Creating checkpoint at lstm/test_res_net_1000_emb150_nl1_nn100_bs32_nu10/checkpoints/5600


step: 5600
learning_rate: 4.0
results on train dataset
loss: 1.75025
bpc: 2.52508
perplexity: 7.81504
accuracy: 0.503125
results on validation dataset default_1
loss: 1.80429544222
bpc: 2.60304807416
perplexity: 7.29069952043
accuracy: 0.463953488372


step: 5700
learning_rate: 4.0
results on train dataset
loss: 1.72016
bpc: 2.48166
perplexity: 8.36282
accuracy: 0.496875
results on validation dataset default_1
loss: 1.796102729
bpc: 2.59122849123
perplexity: 7.71144847295
accuracy: 0.473255813953

Creating checkpoint at lstm/test_res_net_1000_emb150_nl1_nn100_bs32_nu10/checkpoints/5800


step: 5800
learning_rate: 4.0
results on train dataset
loss: 1.63144
bpc: 2.35367
perplexity: 7.83669
accuracy: 0.5375
results on validation dataset default_1
loss: 1.81200898855
bpc: 2.61417637161
perplexity: 7.60179953762
accuracy: 0.463372093023


step: 5900
learning_rate: 4.0
results on train dataset
loss: 1.68388
bpc: 2.42932
perplexity: 8.15061
accuracy: 0.4875
results on validation dataset default_1
loss: 1.79705396656
bpc: 2.59260083849
perplexity: 7.67990095733
accuracy: 0.46976744186

Creating checkpoint at lstm/test_res_net_1000_emb150_nl1_nn100_bs32_nu10/checkpoints/6000


step: 6000
learning_rate: 4.0
results on train dataset
loss: 1.806
bpc: 2.60551
perplexity: 7.61383
accuracy: 0.509375
results on validation dataset default_1
loss: 1.78146934301
bpc: 2.57011697493
perplexity: 7.75120373535
accuracy: 0.482558139535


step: 6100
learning_rate: 4.0
results on train dataset
loss: 1.79001
bpc: 2.58244
perplexity: 8.36613
accuracy: 0.46875
results on validation dataset default_1
loss: 1.76394443736
bpc: 2.54483388577
perplexity: 7.61665702712
accuracy: 0.479069767442

Creating checkpoint at lstm/test_res_net_1000_emb150_nl1_nn100_bs32_nu10/checkpoints/6200


step: 6200
learning_rate: 4.0
results on train dataset
loss: 1.5836
bpc: 2.28466
perplexity: 7.12567
accuracy: 0.50625
results on validation dataset default_1
loss: 1.78071016363
bpc: 2.56902171577
perplexity: 7.44213427749
accuracy: 0.470930232558


step: 6300
learning_rate: 4.0
results on train dataset
loss: 1.75942
bpc: 2.53831
perplexity: 7.77812
accuracy: 0.459375
results on validation dataset default_1
loss: 1.78117297324
bpc: 2.56968940647
perplexity: 7.53864167839
accuracy: 0.483139534884

Creating checkpoint at lstm/test_res_net_1000_emb150_nl1_nn100_bs32_nu10/checkpoints/6400


step: 6400
learning_rate: 4.0
results on train dataset
loss: 1.65546
bpc: 2.38832
perplexity: 7.47042
accuracy: 0.5
results on validation dataset default_1
loss: 1.7373331107
bpc: 2.50644185665
perplexity: 7.50081183016
accuracy: 0.489534883721


step: 6500
learning_rate: 4.0
results on train dataset
loss: 1.60997
bpc: 2.3227
perplexity: 7.19951
accuracy: 0.496875
results on validation dataset default_1
loss: 1.76241369941
bpc: 2.54262550008
perplexity: 7.62549419424
accuracy: 0.491279069767

Creating checkpoint at lstm/test_res_net_1000_emb150_nl1_nn100_bs32_nu10/checkpoints/6600


step: 6600
learning_rate: 4.0
results on train dataset
loss: 1.77221
bpc: 2.55676
perplexity: 7.5875
accuracy: 0.490625
results on validation dataset default_1
loss: 1.74686350572
bpc: 2.52019131168
perplexity: 7.55258170838
accuracy: 0.490697674419


step: 6700
learning_rate: 4.0
results on train dataset
loss: 1.78534
bpc: 2.5757
perplexity: 8.842
accuracy: 0.428125
results on validation dataset default_1
loss: 1.7460026763
bpc: 2.51894939738
perplexity: 7.50354638703
accuracy: 0.491279069767

Creating checkpoint at lstm/test_res_net_1000_emb150_nl1_nn100_bs32_nu10/checkpoints/6800


step: 6800
learning_rate: 4.0
results on train dataset
loss: 1.65591
bpc: 2.38897
perplexity: 7.81687
accuracy: 0.503125
results on validation dataset default_1
loss: 1.75479918668
bpc: 2.53164008081
perplexity: 7.72341082145
accuracy: 0.496511627907


step: 6900
learning_rate: 4.0
results on train dataset
loss: 1.94421
bpc: 2.8049
perplexity: 7.75913
accuracy: 0.43125
results on validation dataset default_1
loss: 1.71327470111
bpc: 2.47173290616
perplexity: 7.68566720389
accuracy: 0.513953488372

Creating checkpoint at lstm/test_res_net_1000_emb150_nl1_nn100_bs32_nu10/checkpoints/7000


step: 7000
learning_rate: 4.0
results on train dataset
loss: 1.78352
bpc: 2.57307
perplexity: 7.94271
accuracy: 0.49375
results on validation dataset default_1
loss: 1.71528482564
bpc: 2.4746329043
perplexity: 7.77479642727
accuracy: 0.499418604651


step: 7100
learning_rate: 4.0
results on train dataset
loss: 1.61748
bpc: 2.33353
perplexity: 6.70547
accuracy: 0.50625
results on validation dataset default_1
loss: 1.71276217222
bpc: 2.47099348601
perplexity: 7.42327965955
accuracy: 0.50523255814

Creating checkpoint at lstm/test_res_net_1000_emb150_nl1_nn100_bs32_nu10/checkpoints/7200


step: 7200
learning_rate: 4.0
results on train dataset
loss: 1.76633
bpc: 2.54828
perplexity: 8.1081
accuracy: 0.4625
results on validation dataset default_1
loss: 1.73158255091
bpc: 2.49814555257
perplexity: 7.48121384888
accuracy: 0.498837209302


step: 7300
learning_rate: 4.0
results on train dataset
loss: 1.4539
bpc: 2.09754
perplexity: 7.38666
accuracy: 0.559375
results on validation dataset default_1
loss: 1.71636224171
bpc: 2.47618728587
perplexity: 7.47552969899
accuracy: 0.502906976744

Creating checkpoint at lstm/test_res_net_1000_emb150_nl1_nn100_bs32_nu10/checkpoints/7400


step: 7400
learning_rate: 4.0
results on train dataset
loss: 1.55228
bpc: 2.23947
perplexity: 7.52728
accuracy: 0.534375
results on validation dataset default_1
loss: 1.73192225648
bpc: 2.4986356434
perplexity: 7.7402149942
accuracy: 0.493604651163


step: 7500
learning_rate: 4.0
results on train dataset
loss: 1.63023
bpc: 2.35193
perplexity: 7.77326
accuracy: 0.50625
results on validation dataset default_1
loss: 1.73294295016
bpc: 2.50010819212
perplexity: 7.50864351225
accuracy: 0.500581395349

Creating checkpoint at lstm/test_res_net_1000_emb150_nl1_nn100_bs32_nu10/checkpoints/7600


step: 7600
learning_rate: 4.0
results on train dataset
loss: 1.62397
bpc: 2.3429
perplexity: 7.44345
accuracy: 0.496875
results on validation dataset default_1
loss: 1.73090640341
bpc: 2.49717007727
perplexity: 7.49235641437
accuracy: 0.5


step: 7700
learning_rate: 4.0
results on train dataset
loss: 1.67203
bpc: 2.41223
perplexity: 7.81747
accuracy: 0.459375
results on validation dataset default_1
loss: 1.72131097487
bpc: 2.48332680063
perplexity: 7.52274243222
accuracy: 0.489534883721

Creating checkpoint at lstm/test_res_net_1000_emb150_nl1_nn100_bs32_nu10/checkpoints/7800


step: 7800
learning_rate: 4.0
results on train dataset
loss: 1.68746
bpc: 2.43449
perplexity: 8.62858
accuracy: 0.5125
results on validation dataset default_1
loss: 1.79020809067
bpc: 2.58272432682
perplexity: 7.73445749324
accuracy: 0.46976744186


step: 7900
learning_rate: 4.0
results on train dataset
loss: 1.71432
bpc: 2.47324
perplexity: 7.69155
accuracy: 0.49375
results on validation dataset default_1
loss: 1.736687006
bpc: 2.50550972499
perplexity: 7.73066549412
accuracy: 0.503488372093

Creating checkpoint at lstm/test_res_net_1000_emb150_nl1_nn100_bs32_nu10/checkpoints/8000


step: 8000
learning_rate: 4.0
results on train dataset
loss: 1.60799
bpc: 2.31983
perplexity: 7.69691
accuracy: 0.55
results on validation dataset default_1
loss: 1.73625799491
bpc: 2.5048907917
perplexity: 7.32661027444
accuracy: 0.481976744186


step: 8100
learning_rate: 4.0
results on train dataset
loss: 1.59434
bpc: 2.30015
perplexity: 8.24152
accuracy: 0.5125
results on validation dataset default_1
loss: 1.72363215488
bpc: 2.48667555826
perplexity: 7.64947476332
accuracy: 0.498255813953

Creating checkpoint at lstm/test_res_net_1000_emb150_nl1_nn100_bs32_nu10/checkpoints/8200


step: 8200
learning_rate: 4.0
results on train dataset
loss: 1.70013
bpc: 2.45277
perplexity: 7.42362
accuracy: 0.4625
results on validation dataset default_1
loss: 1.74070151854
bpc: 2.51130144428
perplexity: 7.26856786623
accuracy: 0.486046511628


step: 8300
learning_rate: 4.0
results on train dataset
loss: 1.67455
bpc: 2.41587
perplexity: 7.87936
accuracy: 0.48125
results on validation dataset default_1
loss: 1.71998395606
bpc: 2.48141231937
perplexity: 7.66972775674
accuracy: 0.501162790698

Creating checkpoint at lstm/test_res_net_1000_emb150_nl1_nn100_bs32_nu10/checkpoints/8400


step: 8400
learning_rate: 4.0
results on train dataset
loss: 1.42762
bpc: 2.05961
perplexity: 7.1604
accuracy: 0.559375
results on validation dataset default_1
loss: 1.75923103619
bpc: 2.53803388433
perplexity: 7.78075464936
accuracy: 0.48023255814


step: 8500
learning_rate: 4.0
results on train dataset
loss: 1.91128
bpc: 2.7574
perplexity: 8.9379
accuracy: 0.46875
results on validation dataset default_1
loss: 1.76207457196
bpc: 2.54213624221
perplexity: 7.48099260621
accuracy: 0.481395348837

Creating checkpoint at lstm/test_res_net_1000_emb150_nl1_nn100_bs32_nu10/checkpoints/8600


step: 8600
learning_rate: 4.0
results on train dataset
loss: 1.72671
bpc: 2.49112
perplexity: 7.90309
accuracy: 0.503125
results on validation dataset default_1
loss: 1.75662964036
bpc: 2.5342808609
perplexity: 7.7142776465
accuracy: 0.48488372093


step: 8700
learning_rate: 4.0
results on train dataset
loss: 1.65415
bpc: 2.38644
perplexity: 7.55249
accuracy: 0.50625
results on validation dataset default_1
loss: 1.72888646026
bpc: 2.49425591675
perplexity: 7.56819542134
accuracy: 0.495348837209

Creating checkpoint at lstm/test_res_net_1000_emb150_nl1_nn100_bs32_nu10/checkpoints/8800


step: 8800
learning_rate: 4.0
results on train dataset
loss: 1.63001
bpc: 2.35161
perplexity: 7.0601
accuracy: 0.465625
results on validation dataset default_1
loss: 1.74541630208
bpc: 2.51810343617
perplexity: 7.27619718313
accuracy: 0.483720930233


step: 8900
learning_rate: 4.0
results on train dataset
loss: 1.59576
bpc: 2.3022
perplexity: 7.4494
accuracy: 0.503125
results on validation dataset default_1
loss: 1.71399403098
bpc: 2.47277068281
perplexity: 7.46062388198
accuracy: 0.495930232558

Creating checkpoint at lstm/test_res_net_1000_emb150_nl1_nn100_bs32_nu10/checkpoints/9000


step: 9000
learning_rate: 4.0
results on train dataset
loss: 1.6424
bpc: 2.36948
perplexity: 6.96224
accuracy: 0.475
results on validation dataset default_1
loss: 1.72571736862
bpc: 2.48968388385
perplexity: 7.39497029407
accuracy: 0.493604651163


step: 9100
learning_rate: 4.0
results on train dataset
loss: 1.6088
bpc: 2.32101
perplexity: 7.20691
accuracy: 0.521875
results on validation dataset default_1
loss: 1.72795069546
bpc: 2.49290589263
perplexity: 7.2955747228
accuracy: 0.502906976744

Creating checkpoint at lstm/test_res_net_1000_emb150_nl1_nn100_bs32_nu10/checkpoints/9200


step: 9200
learning_rate: 4.0
results on train dataset
loss: 1.60993
bpc: 2.32264
perplexity: 7.23628
accuracy: 0.525
results on validation dataset default_1
loss: 1.71418804386
bpc: 2.47305058062
perplexity: 7.28986759726
accuracy: 0.50988372093


step: 9300
learning_rate: 4.0
results on train dataset
loss: 1.51117
bpc: 2.18016
perplexity: 7.33959
accuracy: 0.50625
results on validation dataset default_1
loss: 1.73844068154
bpc: 2.50803974894
perplexity: 7.42282821786
accuracy: 0.491860465116

Creating checkpoint at lstm/test_res_net_1000_emb150_nl1_nn100_bs32_nu10/checkpoints/9400


step: 9400
learning_rate: 4.0
results on train dataset
loss: 1.5465
bpc: 2.23112
perplexity: 7.4211
accuracy: 0.534375
results on validation dataset default_1
loss: 1.71212322355
bpc: 2.47007167842
perplexity: 7.30561375618
accuracy: 0.502325581395


step: 9500
learning_rate: 4.0
results on train dataset
loss: 1.59538
bpc: 2.30164
perplexity: 7.95861
accuracy: 0.525
results on validation dataset default_1
loss: 1.71849102777
bpc: 2.4792584724
perplexity: 7.11952715267
accuracy: 0.49011627907

Creating checkpoint at lstm/test_res_net_1000_emb150_nl1_nn100_bs32_nu10/checkpoints/9600


step: 9600
learning_rate: 4.0
results on train dataset
loss: 1.75463
bpc: 2.5314
perplexity: 7.93294
accuracy: 0.503125
results on validation dataset default_1
loss: 1.73372832506
bpc: 2.50124124669
perplexity: 7.29846337237
accuracy: 0.497093023256


step: 9700
learning_rate: 4.0
results on train dataset
loss: 1.74423
bpc: 2.5164
perplexity: 8.10933
accuracy: 0.459375
results on validation dataset default_1
loss: 1.70484572871
bpc: 2.45957246867
perplexity: 7.46955775244
accuracy: 0.492441860465

Creating checkpoint at lstm/test_res_net_1000_emb150_nl1_nn100_bs32_nu10/checkpoints/9800


step: 9800
learning_rate: 4.0
results on train dataset
loss: 1.53026
bpc: 2.2077
perplexity: 6.92881
accuracy: 0.553125
results on validation dataset default_1
loss: 1.73227649788
bpc: 2.49914670966
perplexity: 7.54488843915
accuracy: 0.493604651163


step: 9900
learning_rate: 4.0
results on train dataset
loss: 1.69202
bpc: 2.44108
perplexity: 8.3378
accuracy: 0.4875
results on validation dataset default_1
loss: 1.73831612739
bpc: 2.5078600499
perplexity: 7.32925833498
accuracy: 0.483139534884

Creating checkpoint at lstm/test_res_net_1000_emb150_nl1_nn100_bs32_nu10/checkpoints/10000


step: 10000
learning_rate: 4.0
results on train dataset
loss: 1.65071
bpc: 2.38147
perplexity: 7.31041
accuracy: 0.53125
results on validation dataset default_1
loss: 1.73998788208
bpc: 2.51027188736
perplexity: 7.3963094581
accuracy: 0.485465116279


step: 10100
learning_rate: 4.0
results on train dataset
loss: 1.65064
bpc: 2.38136
perplexity: 7.63288
accuracy: 0.528125
results on validation dataset default_1
loss: 1.73788616224
bpc: 2.5072397443
perplexity: 7.22645041846
accuracy: 0.485465116279

Creating checkpoint at lstm/test_res_net_1000_emb150_nl1_nn100_bs32_nu10/checkpoints/10200


step: 10200
learning_rate: 4.0
results on train dataset
loss: 1.3845
bpc: 1.99741
perplexity: 6.21479
accuracy: 0.55
results on validation dataset default_1
loss: 1.75767435102
bpc: 2.53578806151
perplexity: 7.13161929361
accuracy: 0.466279069767


step: 10300
learning_rate: 4.0
results on train dataset
loss: 1.76919
bpc: 2.55241
perplexity: 7.66481
accuracy: 0.4875
results on validation dataset default_1
loss: 1.73560599848
bpc: 2.50395016312
perplexity: 7.24026673457
accuracy: 0.485465116279

Creating checkpoint at lstm/test_res_net_1000_emb150_nl1_nn100_bs32_nu10/checkpoints/10400


step: 10400
learning_rate: 4.0
results on train dataset
loss: 1.65044
bpc: 2.38108
perplexity: 7.25989
accuracy: 0.478125
results on validation dataset default_1
loss: 1.74312218738
bpc: 2.51479372669
perplexity: 7.21446561404
accuracy: 0.486627906977


step: 10500
learning_rate: 4.0
results on train dataset
loss: 1.6929
bpc: 2.44234
perplexity: 7.14444
accuracy: 0.48125
results on validation dataset default_1
loss: 1.73520548575
bpc: 2.50337234076
perplexity: 7.15254524281
accuracy: 0.477325581395

Creating checkpoint at lstm/test_res_net_1000_emb150_nl1_nn100_bs32_nu10/checkpoints/10600


step: 10600
learning_rate: 4.0
results on train dataset
loss: 1.52636
bpc: 2.20207
perplexity: 7.18551
accuracy: 0.525
results on validation dataset default_1
loss: 1.73577032568
bpc: 2.50418723115
perplexity: 7.01980498897
accuracy: 0.495930232558


step: 10700
learning_rate: 4.0
results on train dataset
loss: 1.40859
bpc: 2.03216
perplexity: 6.53411
accuracy: 0.546875
results on validation dataset default_1
loss: 1.77198308505
bpc: 2.55643120522
perplexity: 7.22452185951
accuracy: 0.475581395349

Creating checkpoint at lstm/test_res_net_1000_emb150_nl1_nn100_bs32_nu10/checkpoints/10800


step: 10800
learning_rate: 4.0
results on train dataset
loss: 1.57109
bpc: 2.2666
perplexity: 6.98417
accuracy: 0.525
results on validation dataset default_1
loss: 1.75413188066
bpc: 2.5306773611
perplexity: 7.03300101944
accuracy: 0.480813953488


step: 10900
learning_rate: 4.0
results on train dataset
loss: 1.70586
bpc: 2.46104
perplexity: 6.84182
accuracy: 0.465625
results on validation dataset default_1
loss: 1.75228222314
bpc: 2.52800886483
perplexity: 7.34257789095
accuracy: 0.481976744186

Creating checkpoint at lstm/test_res_net_1000_emb150_nl1_nn100_bs32_nu10/checkpoints/11000


step: 11000
learning_rate: 4.0
results on train dataset
loss: 1.59151
bpc: 2.29606
perplexity: 6.47767
accuracy: 0.528125
results on validation dataset default_1
loss: 1.75750359206
bpc: 2.53554171138
perplexity: 7.1529470888
accuracy: 0.468023255814


step: 11100
learning_rate: 4.0
results on train dataset
loss: 1.7166
bpc: 2.47653
perplexity: 6.84042
accuracy: 0.484375
results on validation dataset default_1
loss: 1.72523173713
bpc: 2.48898326574
perplexity: 7.19384357001
accuracy: 0.487790697674

Creating checkpoint at lstm/test_res_net_1000_emb150_nl1_nn100_bs32_nu10/checkpoints/11200


step: 11200
learning_rate: 4.0
results on train dataset
loss: 1.68531
bpc: 2.43139
perplexity: 7.64958
accuracy: 0.509375
results on validation dataset default_1
loss: 1.72510171556
bpc: 2.48879568431
perplexity: 7.19152685785
accuracy: 0.489534883721


step: 11300
learning_rate: 4.0
results on train dataset
loss: 1.71887
bpc: 2.4798
perplexity: 7.15958
accuracy: 0.490625
results on validation dataset default_1
loss: 1.77233211305
bpc: 2.55693474762
perplexity: 7.03662594716
accuracy: 0.478488372093

Creating checkpoint at lstm/test_res_net_1000_emb150_nl1_nn100_bs32_nu10/checkpoints/11400


step: 11400
learning_rate: 4.0
results on train dataset
loss: 1.63086
bpc: 2.35283
perplexity: 6.81234
accuracy: 0.490625
results on validation dataset default_1
loss: 1.72791779631
bpc: 2.49285842734
perplexity: 7.3296024843
accuracy: 0.48488372093


step: 11500
learning_rate: 4.0
results on train dataset
loss: 1.50427
bpc: 2.1702
perplexity: 7.24407
accuracy: 0.546875
results on validation dataset default_1
loss: 1.73338149377
bpc: 2.50074087854
perplexity: 7.38868329449
accuracy: 0.492441860465

Creating checkpoint at lstm/test_res_net_1000_emb150_nl1_nn100_bs32_nu10/checkpoints/11600


step: 11600
learning_rate: 4.0
results on train dataset
loss: 1.45596
bpc: 2.10051
perplexity: 6.64321
accuracy: 0.54375
results on validation dataset default_1
loss: 1.73632909253
bpc: 2.50499336496
perplexity: 7.1449808102
accuracy: 0.49011627907


step: 11700
learning_rate: 4.0
results on train dataset
loss: 1.70162
bpc: 2.45492
perplexity: 7.63021
accuracy: 0.49375
results on validation dataset default_1
loss: 1.7542895212
bpc: 2.53090478402
perplexity: 7.12323501734
accuracy: 0.491860465116

Creating checkpoint at lstm/test_res_net_1000_emb150_nl1_nn100_bs32_nu10/checkpoints/11800


step: 11800
learning_rate: 4.0
results on train dataset
loss: 1.54734
bpc: 2.23234
perplexity: 6.65375
accuracy: 0.50625
results on validation dataset default_1
loss: 1.74142659696
bpc: 2.51234750774
perplexity: 7.36130215089
accuracy: 0.486627906977


step: 11900
learning_rate: 4.0
results on train dataset
loss: 1.73668
bpc: 2.5055
perplexity: 7.22777
accuracy: 0.490625
results on validation dataset default_1
loss: 1.74190433163
bpc: 2.51303673473
perplexity: 7.22490011474
accuracy: 0.495348837209

Creating checkpoint at lstm/test_res_net_1000_emb150_nl1_nn100_bs32_nu10/checkpoints/12000


step: 12000
learning_rate: 4.0
results on train dataset
loss: 1.70424
bpc: 2.4587
perplexity: 7.24229
accuracy: 0.475
results on validation dataset default_1
loss: 1.7509104406
bpc: 2.52602980095
perplexity: 6.85174342027
accuracy: 0.489534883721


step: 12100
learning_rate: 4.0
results on train dataset
loss: 1.66784
bpc: 2.40619
perplexity: 7.0172
accuracy: 0.515625
results on validation dataset default_1
loss: 1.74911231425
bpc: 2.52343565593
perplexity: 7.35621379822
accuracy: 0.486627906977

Creating checkpoint at lstm/test_res_net_1000_emb150_nl1_nn100_bs32_nu10/checkpoints/12200


step: 12200
learning_rate: 4.0
results on train dataset
loss: 1.76201
bpc: 2.54205
perplexity: 7.15895
accuracy: 0.490625
results on validation dataset default_1
loss: 1.73141554892
bpc: 2.49790462196
perplexity: 7.39142797908
accuracy: 0.492441860465


step: 12300
learning_rate: 4.0
results on train dataset
loss: 1.53248
bpc: 2.2109
perplexity: 6.98398
accuracy: 0.55
results on validation dataset default_1
loss: 1.74303304726
bpc: 2.51466512859
perplexity: 7.33508782408
accuracy: 0.504651162791

Creating checkpoint at lstm/test_res_net_1000_emb150_nl1_nn100_bs32_nu10/checkpoints/12400


step: 12400
learning_rate: 4.0
results on train dataset
loss: 1.69895
bpc: 2.45106
perplexity: 7.17494
accuracy: 0.475
results on validation dataset default_1
loss: 1.72961281443
bpc: 2.49530381918
perplexity: 7.24845958609
accuracy: 0.49011627907


step: 12500
learning_rate: 4.0
results on train dataset
loss: 1.78467
bpc: 2.57474
perplexity: 7.66667
accuracy: 0.453125
results on validation dataset default_1
loss: 1.73214429448
bpc: 2.49895597858
perplexity: 7.1952476489
accuracy: 0.493604651163

Creating checkpoint at lstm/test_res_net_1000_emb150_nl1_nn100_bs32_nu10/checkpoints/12600


step: 12600
learning_rate: 4.0
results on train dataset
loss: 1.6172
bpc: 2.33312
perplexity: 7.77713
accuracy: 0.53125
results on validation dataset default_1
loss: 1.74154891938
bpc: 2.51252397995
perplexity: 7.03029826311
accuracy: 0.482558139535


step: 12700
learning_rate: 4.0
results on train dataset
loss: 1.42989
bpc: 2.0629
perplexity: 6.8948
accuracy: 0.553125
results on validation dataset default_1
loss: 1.73142375852
bpc: 2.49791646087
perplexity: 7.27015479394
accuracy: 0.486046511628

Creating checkpoint at lstm/test_res_net_1000_emb150_nl1_nn100_bs32_nu10/checkpoints/12800


step: 12800
learning_rate: 4.0
results on train dataset
loss: 1.7258
bpc: 2.4898
perplexity: 7.28632
accuracy: 0.446875
results on validation dataset default_1
loss: 1.71678680541
bpc: 2.47679980341
perplexity: 6.94108533873
accuracy: 0.502906976744


step: 12900
learning_rate: 4.0
results on train dataset
loss: 1.48128
bpc: 2.13704
perplexity: 7.62014
accuracy: 0.5625
results on validation dataset default_1
loss: 1.71470084818
bpc: 2.4737904049
perplexity: 7.17952291196
accuracy: 0.490697674419

Creating checkpoint at lstm/test_res_net_1000_emb150_nl1_nn100_bs32_nu10/checkpoints/13000


step: 13000
learning_rate: 0.4
results on train dataset
loss: 1.56758
bpc: 2.26155
perplexity: 7.8677
accuracy: 0.4875
results on validation dataset default_1
loss: 1.7242448224
bpc: 2.48755944564
perplexity: 7.36640506352
accuracy: 0.490697674419


step: 13100
learning_rate: 0.4
results on train dataset
loss: 1.55233
bpc: 2.23955
perplexity: 6.88999
accuracy: 0.5375
results on validation dataset default_1
loss: 1.68731762372
bpc: 2.43428476032
perplexity: 7.50240091792
accuracy: 0.503488372093

Creating checkpoint at lstm/test_res_net_1000_emb150_nl1_nn100_bs32_nu10/checkpoints/13200


step: 13200
learning_rate: 0.4
results on train dataset
loss: 1.74032
bpc: 2.51075
perplexity: 7.99576
accuracy: 0.46875
results on validation dataset default_1
loss: 1.66791156164
bpc: 2.40628773009
perplexity: 7.46812426358
accuracy: 0.510465116279


step: 13300
learning_rate: 0.4
results on train dataset
loss: 1.60535
bpc: 2.31603
perplexity: 7.31443
accuracy: 0.525
results on validation dataset default_1
loss: 1.65752337778
bpc: 2.391300749
perplexity: 7.34737933451
accuracy: 0.512790697674

Creating checkpoint at lstm/test_res_net_1000_emb150_nl1_nn100_bs32_nu10/checkpoints/13400


step: 13400
learning_rate: 0.4
results on train dataset
loss: 1.58948
bpc: 2.29313
perplexity: 7.31753
accuracy: 0.525
results on validation dataset default_1
loss: 1.64870838079
bpc: 2.3785833978
perplexity: 7.41204010886
accuracy: 0.511046511628


step: 13500
learning_rate: 0.4
results on train dataset
loss: 1.55177
bpc: 2.23873
perplexity: 7.01323
accuracy: 0.50625
results on validation dataset default_1
loss: 1.65074478983
bpc: 2.38152131746
perplexity: 7.50562542677
accuracy: 0.515697674419

Creating checkpoint at lstm/test_res_net_1000_emb150_nl1_nn100_bs32_nu10/checkpoints/13600


step: 13600
learning_rate: 0.4
results on train dataset
loss: 1.62299
bpc: 2.34148
perplexity: 8.01694
accuracy: 0.515625
results on validation dataset default_1
loss: 1.64801176579
bpc: 2.37757839405
perplexity: 7.38451828374
accuracy: 0.517441860465


step: 13700
learning_rate: 0.4
results on train dataset
loss: 1.56039
bpc: 2.25117
perplexity: 7.75958
accuracy: 0.528125
results on validation dataset default_1
loss: 1.6422957729
bpc: 2.36933196115
perplexity: 7.29881081297
accuracy: 0.522093023256

Creating checkpoint at lstm/test_res_net_1000_emb150_nl1_nn100_bs32_nu10/checkpoints/13800


step: 13800
learning_rate: 0.4
results on train dataset
loss: 1.66514
bpc: 2.40228
perplexity: 7.06541
accuracy: 0.521875
results on validation dataset default_1
loss: 1.64620568227
bpc: 2.37497276652
perplexity: 7.28808860834
accuracy: 0.525


step: 13900
learning_rate: 0.4
results on train dataset
loss: 1.69328
bpc: 2.44289
perplexity: 7.72442
accuracy: 0.509375
results on validation dataset default_1
loss: 1.64410908147
bpc: 2.37194801249
perplexity: 7.42674233435
accuracy: 0.522093023256

Creating checkpoint at lstm/test_res_net_1000_emb150_nl1_nn100_bs32_nu10/checkpoints/14000


step: 14000
learning_rate: 0.4
results on train dataset
loss: 1.43753
bpc: 2.07392
perplexity: 6.69769
accuracy: 0.578125
results on validation dataset default_1
loss: 1.64132944162
bpc: 2.36793783622
perplexity: 7.42022099793
accuracy: 0.520348837209


step: 14100
learning_rate: 0.4
results on train dataset
loss: 1.76937
bpc: 2.55266
perplexity: 7.52362
accuracy: 0.44375
results on validation dataset default_1
loss: 1.64679055282
bpc: 2.37581655828
perplexity: 7.51789693728
accuracy: 0.521511627907

Creating checkpoint at lstm/test_res_net_1000_emb150_nl1_nn100_bs32_nu10/checkpoints/14200


step: 14200
learning_rate: 0.4
results on train dataset
loss: 1.38955
bpc: 2.0047
perplexity: 7.07715
accuracy: 0.5625
results on validation dataset default_1
loss: 1.64252195307
bpc: 2.36965826808
perplexity: 7.35768583916
accuracy: 0.512209302326


step: 14300
learning_rate: 0.4
results on train dataset
loss: 1.66997
bpc: 2.40926
perplexity: 7.26052
accuracy: 0.51875
results on validation dataset default_1
loss: 1.63960747881
bpc: 2.36545357154
perplexity: 7.41016014586
accuracy: 0.511046511628

Creating checkpoint at lstm/test_res_net_1000_emb150_nl1_nn100_bs32_nu10/checkpoints/14400


step: 14400
learning_rate: 0.4
results on train dataset
loss: 1.63237
bpc: 2.35501
perplexity: 7.74435
accuracy: 0.53125
results on validation dataset default_1
loss: 1.63952295473
bpc: 2.36533162686
perplexity: 7.36393942161
accuracy: 0.509302325581


step: 14500
learning_rate: 0.4
results on train dataset
loss: 1.67066
bpc: 2.41025
perplexity: 7.28843
accuracy: 0.51875
results on validation dataset default_1
loss: 1.63963200337
bpc: 2.36548895188
perplexity: 7.33759580913
accuracy: 0.510465116279

Creating checkpoint at lstm/test_res_net_1000_emb150_nl1_nn100_bs32_nu10/checkpoints/14600


step: 14600
learning_rate: 0.4
results on train dataset
loss: 1.43502
bpc: 2.07029
perplexity: 7.40691
accuracy: 0.50625
results on validation dataset default_1
loss: 1.63897572387
bpc: 2.36454214164
perplexity: 7.36979779178
accuracy: 0.513953488372


step: 14700
learning_rate: 0.4
results on train dataset
loss: 1.41616
bpc: 2.04309
perplexity: 7.03742
accuracy: 0.59375
results on validation dataset default_1
loss: 1.63920897458
bpc: 2.36487865252
perplexity: 7.34011054261
accuracy: 0.517441860465

Creating checkpoint at lstm/test_res_net_1000_emb150_nl1_nn100_bs32_nu10/checkpoints/14800


step: 14800
learning_rate: 0.4
results on train dataset
loss: 1.46284
bpc: 2.11043
perplexity: 7.01974
accuracy: 0.553125
results on validation dataset default_1
loss: 1.63681895173
bpc: 2.36143057709
perplexity: 7.32526227887
accuracy: 0.511627906977


step: 14900
learning_rate: 0.4
results on train dataset
loss: 1.77655
bpc: 2.56302
perplexity: 7.50854
accuracy: 0.484375
results on validation dataset default_1
loss: 1.62900860373
bpc: 2.35016262959
perplexity: 7.36569997294
accuracy: 0.515697674419

Creating checkpoint at lstm/test_res_net_1000_emb150_nl1_nn100_bs32_nu10/checkpoints/15000


step: 15000
learning_rate: 0.4
results on train dataset
loss: 1.46097
bpc: 2.10774
perplexity: 6.7933
accuracy: 0.54375
results on validation dataset default_1
loss: 1.62680457032
bpc: 2.34698287859
perplexity: 7.3837680249
accuracy: 0.519186046512


step: 15100
learning_rate: 0.4
results on train dataset
loss: 1.5821
bpc: 2.28249
perplexity: 7.4382
accuracy: 0.525
results on validation dataset default_1
loss: 1.63152898469
bpc: 2.35379876458
perplexity: 7.35067193092
accuracy: 0.523837209302

Creating checkpoint at lstm/test_res_net_1000_emb150_nl1_nn100_bs32_nu10/checkpoints/15200


step: 15200
learning_rate: 0.4
results on train dataset
loss: 1.69338
bpc: 2.44303
perplexity: 8.10301
accuracy: 0.515625
results on validation dataset default_1
loss: 1.63851076958
bpc: 2.36387135244
perplexity: 7.44396381711
accuracy: 0.511046511628


step: 15300
learning_rate: 0.4
results on train dataset
loss: 1.50342
bpc: 2.16898
perplexity: 7.26989
accuracy: 0.553125
results on validation dataset default_1
loss: 1.63222697965
bpc: 2.35480576167
perplexity: 7.41182251628
accuracy: 0.514534883721

Creating checkpoint at lstm/test_res_net_1000_emb150_nl1_nn100_bs32_nu10/checkpoints/15400


step: 15400
learning_rate: 0.4
results on train dataset
loss: 1.49841
bpc: 2.16175
perplexity: 7.22207
accuracy: 0.55
results on validation dataset default_1
loss: 1.63039114595
bpc: 2.35215721316
perplexity: 7.4206953188
accuracy: 0.516279069767


step: 15500
learning_rate: 0.4
results on train dataset
loss: 1.45205
bpc: 2.09486
perplexity: 7.18303
accuracy: 0.5625
results on validation dataset default_1
loss: 1.63105901104
bpc: 2.35312074301
perplexity: 7.36893378697
accuracy: 0.50523255814

Creating checkpoint at lstm/test_res_net_1000_emb150_nl1_nn100_bs32_nu10/checkpoints/15600


step: 15600
learning_rate: 0.4
results on train dataset
loss: 1.44263
bpc: 2.08127
perplexity: 6.98808
accuracy: 0.534375
results on validation dataset default_1
loss: 1.63203671529
bpc: 2.35453126722
perplexity: 7.40327610131
accuracy: 0.507558139535


step: 15700
learning_rate: 0.4
results on train dataset
loss: 1.62925
bpc: 2.35052
perplexity: 7.46434
accuracy: 0.525
results on validation dataset default_1
loss: 1.6286553465
bpc: 2.34965298709
perplexity: 7.39031715996
accuracy: 0.523837209302

Creating checkpoint at lstm/test_res_net_1000_emb150_nl1_nn100_bs32_nu10/checkpoints/15800


step: 15800
learning_rate: 0.4
results on train dataset
loss: 1.48083
bpc: 2.13638
perplexity: 7.0732
accuracy: 0.559375
results on validation dataset default_1
loss: 1.6381000565
bpc: 2.36327882299
perplexity: 7.27028022526
accuracy: 0.518023255814


step: 15900
learning_rate: 0.4
results on train dataset
loss: 1.50551
bpc: 2.17199
perplexity: 7.72731
accuracy: 0.575
results on validation dataset default_1
loss: 1.6352759497
bpc: 2.35920449736
perplexity: 7.36152337159
accuracy: 0.506976744186

Creating checkpoint at lstm/test_res_net_1000_emb150_nl1_nn100_bs32_nu10/checkpoints/16000


step: 16000
learning_rate: 0.4
results on train dataset
loss: 1.5692
bpc: 2.26387
perplexity: 7.44064
accuracy: 0.509375
results on validation dataset default_1
loss: 1.63807457848
bpc: 2.36324206426
perplexity: 7.35294117567
accuracy: 0.508139534884


step: 16100
learning_rate: 0.4
results on train dataset
loss: 1.48582
bpc: 2.14358
perplexity: 8.57011
accuracy: 0.58125
results on validation dataset default_1
loss: 1.63032563928
bpc: 2.35206270715
perplexity: 7.31031925332
accuracy: 0.515697674419

Creating checkpoint at lstm/test_res_net_1000_emb150_nl1_nn100_bs32_nu10/checkpoints/16200


step: 16200
learning_rate: 0.4
results on train dataset
loss: 1.63342
bpc: 2.35653
perplexity: 7.54458
accuracy: 0.5
results on validation dataset default_1
loss: 1.63031433335
bpc: 2.35204639561
perplexity: 7.24666408467
accuracy: 0.511046511628


step: 16300
learning_rate: 0.4
results on train dataset
loss: 1.61127
bpc: 2.32457
perplexity: 7.27412
accuracy: 0.51875
results on validation dataset default_1
loss: 1.63262815438
bpc: 2.35538453233
perplexity: 7.31102381349
accuracy: 0.511627906977

Creating checkpoint at lstm/test_res_net_1000_emb150_nl1_nn100_bs32_nu10/checkpoints/16400


step: 16400
learning_rate: 0.4
results on train dataset
loss: 1.36192
bpc: 1.96483
perplexity: 6.47697
accuracy: 0.590625
results on validation dataset default_1
loss: 1.62307085854
bpc: 2.3415962726
perplexity: 7.26291203388
accuracy: 0.516279069767


step: 16500
learning_rate: 0.4
results on train dataset
loss: 1.55568
bpc: 2.24437
perplexity: 7.20571
accuracy: 0.53125
results on validation dataset default_1
loss: 1.62743932774
bpc: 2.34789863966
perplexity: 7.37198305477
accuracy: 0.522093023256

Creating checkpoint at lstm/test_res_net_1000_emb150_nl1_nn100_bs32_nu10/checkpoints/16600


step: 16600
learning_rate: 0.4
results on train dataset
loss: 1.68566
bpc: 2.4319
perplexity: 7.87512
accuracy: 0.496875
results on validation dataset default_1
loss: 1.62050010834
bpc: 2.33788746411
perplexity: 7.32431984384
accuracy: 0.520348837209


step: 16700
learning_rate: 0.4
results on train dataset
loss: 1.59345
bpc: 2.29887
perplexity: 7.66319
accuracy: 0.525
results on validation dataset default_1
loss: 1.61713579139
bpc: 2.33303378249
perplexity: 7.37819388148
accuracy: 0.518023255814

Creating checkpoint at lstm/test_res_net_1000_emb150_nl1_nn100_bs32_nu10/checkpoints/16800


step: 16800
learning_rate: 0.4
results on train dataset
loss: 1.73723
bpc: 2.5063
perplexity: 7.67647
accuracy: 0.5125
results on validation dataset default_1
loss: 1.61801673671
bpc: 2.33430471267
perplexity: 7.34473501437
accuracy: 0.522093023256


step: 16900
learning_rate: 0.4
results on train dataset
loss: 1.58522
bpc: 2.28699
perplexity: 7.29382
accuracy: 0.509375
results on validation dataset default_1
loss: 1.61793205765
bpc: 2.33418254672
perplexity: 7.39314908552
accuracy: 0.524418604651

Creating checkpoint at lstm/test_res_net_1000_emb150_nl1_nn100_bs32_nu10/checkpoints/17000


step: 17000
learning_rate: 0.4
results on train dataset
loss: 1.56314
bpc: 2.25513
perplexity: 7.59748
accuracy: 0.50625
results on validation dataset default_1
loss: 1.62405973875
bpc: 2.3430229237
perplexity: 7.29289300629
accuracy: 0.523255813953


step: 17100
learning_rate: 0.4
results on train dataset
loss: 1.56535
bpc: 2.25833
perplexity: 7.49108
accuracy: 0.5
results on validation dataset default_1
loss: 1.62117769097
bpc: 2.33886500843
perplexity: 7.2932800013
accuracy: 0.518023255814

Creating checkpoint at lstm/test_res_net_1000_emb150_nl1_nn100_bs32_nu10/checkpoints/17200


step: 17200
learning_rate: 0.4
results on train dataset
loss: 1.64341
bpc: 2.37093
perplexity: 8.32801
accuracy: 0.50625
results on validation dataset default_1
loss: 1.6222348607
bpc: 2.3403901847
perplexity: 7.33663067436
accuracy: 0.516860465116


step: 17300
learning_rate: 0.4
results on train dataset
loss: 1.58217
bpc: 2.28258
perplexity: 7.67146
accuracy: 0.553125
results on validation dataset default_1
loss: 1.62069016299
bpc: 2.33816164974
perplexity: 7.3002125178
accuracy: 0.512209302326

Creating checkpoint at lstm/test_res_net_1000_emb150_nl1_nn100_bs32_nu10/checkpoints/17400


step: 17400
learning_rate: 0.4
results on train dataset
loss: 1.39384
bpc: 2.01089
perplexity: 7.17516
accuracy: 0.565625
results on validation dataset default_1
loss: 1.6200657922
bpc: 2.33726087775
perplexity: 7.33020455456
accuracy: 0.512209302326


step: 17500
learning_rate: 0.4
results on train dataset
loss: 1.61291
bpc: 2.32694
perplexity: 7.53774
accuracy: 0.4875
results on validation dataset default_1
loss: 1.60953137308
bpc: 2.32206292117
perplexity: 7.3555073273
accuracy: 0.51976744186

Creating checkpoint at lstm/test_res_net_1000_emb150_nl1_nn100_bs32_nu10/checkpoints/17600


step: 17600
learning_rate: 0.4
results on train dataset
loss: 1.52809
bpc: 2.20457
perplexity: 7.46528
accuracy: 0.55625
results on validation dataset default_1
loss: 1.61645653381
bpc: 2.33205381744
perplexity: 7.31382947238
accuracy: 0.523255813953


step: 17700
learning_rate: 0.4
results on train dataset
loss: 1.6952
bpc: 2.44566
perplexity: 7.4654
accuracy: 0.5
results on validation dataset default_1
loss: 1.62077114824
bpc: 2.33827849239
perplexity: 7.36031365055
accuracy: 0.520348837209

Creating checkpoint at lstm/test_res_net_1000_emb150_nl1_nn100_bs32_nu10/checkpoints/17800


step: 17800
learning_rate: 0.4
results on train dataset
loss: 1.49009
bpc: 2.14974
perplexity: 7.41827
accuracy: 0.5625
results on validation dataset default_1
loss: 1.62003608709
bpc: 2.33721802307
perplexity: 7.2934432194
accuracy: 0.519186046512


step: 17900
learning_rate: 0.4
results on train dataset
loss: 1.65622
bpc: 2.38942
perplexity: 7.16865
accuracy: 0.5375
results on validation dataset default_1
loss: 1.62242422333
bpc: 2.34066337257
perplexity: 7.27794987532
accuracy: 0.519186046512

Creating checkpoint at lstm/test_res_net_1000_emb150_nl1_nn100_bs32_nu10/checkpoints/18000


step: 18000
learning_rate: 0.4
results on train dataset
loss: 1.49026
bpc: 2.14998
perplexity: 7.09266
accuracy: 0.534375
results on validation dataset default_1
loss: 1.61159089616
bpc: 2.32503418903
perplexity: 7.3591667772
accuracy: 0.525


step: 18100
learning_rate: 0.4
results on train dataset
loss: 1.38196
bpc: 1.99375
perplexity: 7.12164
accuracy: 0.603125
results on validation dataset default_1
loss: 1.61322894029
bpc: 2.32739738602
perplexity: 7.27930361608
accuracy: 0.524418604651

Creating checkpoint at lstm/test_res_net_1000_emb150_nl1_nn100_bs32_nu10/checkpoints/18200


step: 18200
learning_rate: 0.4
results on train dataset
loss: 1.46191
bpc: 2.10908
perplexity: 6.7792
accuracy: 0.5375
results on validation dataset default_1
loss: 1.61557954562
bpc: 2.33078859533
perplexity: 7.24364386215
accuracy: 0.523255813953


step: 18300
learning_rate: 0.4
results on train dataset
loss: 1.57322
bpc: 2.26967
perplexity: 7.34778
accuracy: 0.540625
results on validation dataset default_1
loss: 1.62019098689
bpc: 2.33744149446
perplexity: 7.19456207239
accuracy: 0.522674418605

Creating checkpoint at lstm/test_res_net_1000_emb150_nl1_nn100_bs32_nu10/checkpoints/18400


step: 18400
learning_rate: 0.4
results on train dataset
loss: 1.4102
bpc: 2.03449
perplexity: 7.18869
accuracy: 0.571875
results on validation dataset default_1
loss: 1.62090369578
bpc: 2.33846971432
perplexity: 7.25660570493
accuracy: 0.522093023256


step: 18500
learning_rate: 0.4
results on train dataset
loss: 1.59182
bpc: 2.2965
perplexity: 7.20778
accuracy: 0.509375
results on validation dataset default_1
loss: 1.62365694677
bpc: 2.34244181501
perplexity: 7.27355897808
accuracy: 0.513372093023

Creating checkpoint at lstm/test_res_net_1000_emb150_nl1_nn100_bs32_nu10/checkpoints/18600


step: 18600
learning_rate: 0.4
results on train dataset
loss: 1.61399
bpc: 2.3285
perplexity: 7.48115
accuracy: 0.525
results on validation dataset default_1
loss: 1.62610274383
bpc: 2.34597035828
perplexity: 7.19776761643
accuracy: 0.509302325581


step: 18700
learning_rate: 0.4
results on train dataset
loss: 1.63793
bpc: 2.36303
perplexity: 7.46501
accuracy: 0.503125
results on validation dataset default_1
loss: 1.62929455537
bpc: 2.3505751648
perplexity: 7.26071856604
accuracy: 0.511046511628

Creating checkpoint at lstm/test_res_net_1000_emb150_nl1_nn100_bs32_nu10/checkpoints/18800


step: 18800
learning_rate: 0.4
results on train dataset
loss: 1.62074
bpc: 2.33824
perplexity: 7.39671
accuracy: 0.53125
results on validation dataset default_1
loss: 1.6234765483
bpc: 2.3421815575
perplexity: 7.34949059528
accuracy: 0.518023255814


step: 18900
learning_rate: 0.4
results on train dataset
loss: 1.52621
bpc: 2.20185
perplexity: 6.99152
accuracy: 0.528125
results on validation dataset default_1
loss: 1.61440134302
bpc: 2.32908880471
perplexity: 7.35927217908
accuracy: 0.51976744186

Creating checkpoint at lstm/test_res_net_1000_emb150_nl1_nn100_bs32_nu10/checkpoints/19000


step: 19000
learning_rate: 0.4
results on train dataset
loss: 1.68383
bpc: 2.42925
perplexity: 7.93717
accuracy: 0.4875
results on validation dataset default_1
loss: 1.61700577163
bpc: 2.33284620148
perplexity: 7.39737276005
accuracy: 0.521511627907


step: 19100
learning_rate: 0.4
results on train dataset
loss: 1.4424
bpc: 2.08095
perplexity: 7.03266
accuracy: 0.578125
results on validation dataset default_1
loss: 1.61587547012
bpc: 2.33121552054
perplexity: 7.36033430356
accuracy: 0.521511627907

Creating checkpoint at lstm/test_res_net_1000_emb150_nl1_nn100_bs32_nu10/checkpoints/19200


step: 19200
learning_rate: 0.4
results on train dataset
loss: 1.44145
bpc: 2.07958
perplexity: 7.65779
accuracy: 0.546875
results on validation dataset default_1
loss: 1.61587308133
bpc: 2.33121207897
perplexity: 7.28699653003
accuracy: 0.520348837209


step: 19300
learning_rate: 0.4
results on train dataset
loss: 1.43329
bpc: 2.06779
perplexity: 6.91475
accuracy: 0.546875
results on validation dataset default_1
loss: 1.6235920276
bpc: 2.34234815681
perplexity: 7.3705683641
accuracy: 0.522674418605

Creating checkpoint at lstm/test_res_net_1000_emb150_nl1_nn100_bs32_nu10/checkpoints/19400


step: 19400
learning_rate: 0.4
results on train dataset
loss: 1.73887
bpc: 2.50866
perplexity: 7.28583
accuracy: 0.490625
results on validation dataset default_1
loss: 1.62079593964
bpc: 2.33831425807
perplexity: 7.42802668075
accuracy: 0.522093023256


step: 19500
learning_rate: 0.4
results on train dataset
loss: 1.66162
bpc: 2.39721
perplexity: 7.49304
accuracy: 0.528125
results on validation dataset default_1
loss: 1.61712185729
bpc: 2.33301367769
perplexity: 7.31063096225
accuracy: 0.523255813953

Creating checkpoint at lstm/test_res_net_1000_emb150_nl1_nn100_bs32_nu10/checkpoints/19600


step: 19600
learning_rate: 0.4
results on train dataset
loss: 1.57357
bpc: 2.27018
perplexity: 7.42121
accuracy: 0.5
results on validation dataset default_1
loss: 1.61991171369
bpc: 2.33703859233
perplexity: 7.29941437917
accuracy: 0.519186046512


step: 19700
learning_rate: 0.4
results on train dataset
loss: 1.4264
bpc: 2.05786
perplexity: 7.4347
accuracy: 0.5375
results on validation dataset default_1
loss: 1.61708545026
bpc: 2.3329611511
perplexity: 7.24238502023
accuracy: 0.523255813953

Creating checkpoint at lstm/test_res_net_1000_emb150_nl1_nn100_bs32_nu10/checkpoints/19800


step: 19800
learning_rate: 0.4
results on train dataset
loss: 1.52357
bpc: 2.19805
perplexity: 6.96984
accuracy: 0.553125
results on validation dataset default_1
loss: 1.61963012807
bpc: 2.33663234718
perplexity: 7.34624563781
accuracy: 0.523255813953


step: 19900
learning_rate: 0.4
results on train dataset
loss: 1.56681
bpc: 2.26043
perplexity: 7.14132
accuracy: 0.503125
results on validation dataset default_1
loss: 1.61998913014
bpc: 2.33715027999
perplexity: 7.35494833831
accuracy: 0.51976744186

Creating checkpoint at lstm/test_res_net_1000_emb150_nl1_nn100_bs32_nu10/checkpoints/20000


step: 20000
learning_rate: 0.4
results on train dataset
loss: 1.46751
bpc: 2.11716
perplexity: 6.98091
accuracy: 0.55625
results on validation dataset default_1
loss: 1.62309542571
bpc: 2.34163171603
perplexity: 7.3255639445
accuracy: 0.520348837209


step: 20100
learning_rate: 0.4
results on train dataset
loss: 1.35059
bpc: 1.94849
perplexity: 7.06898
accuracy: 0.603125
results on validation dataset default_1
loss: 1.61683027857
bpc: 2.33259301793
perplexity: 7.23937516032
accuracy: 0.522674418605

Creating checkpoint at lstm/test_res_net_1000_emb150_nl1_nn100_bs32_nu10/checkpoints/20200


step: 20200
learning_rate: 0.4
results on train dataset
loss: 1.57217
bpc: 2.26817
perplexity: 7.27901
accuracy: 0.51875
results on validation dataset default_1
loss: 1.61074425985
bpc: 2.32381275163
perplexity: 7.26124577453
accuracy: 0.520930232558


step: 20300
learning_rate: 0.4
results on train dataset
loss: 1.39785
bpc: 2.01667
perplexity: 7.31018
accuracy: 0.565625
results on validation dataset default_1
loss: 1.61263154767
bpc: 2.3265355276
perplexity: 7.24639192681
accuracy: 0.518023255814

Creating checkpoint at lstm/test_res_net_1000_emb150_nl1_nn100_bs32_nu10/checkpoints/20400


step: 20400
learning_rate: 0.4
results on train dataset
loss: 1.68634
bpc: 2.43287
perplexity: 7.91796
accuracy: 0.5125
results on validation dataset default_1
loss: 1.61620898837
bpc: 2.33169668682
perplexity: 7.25133666237
accuracy: 0.516860465116


step: 20500
learning_rate: 0.4
results on train dataset
loss: 1.44009
bpc: 2.07761
perplexity: 6.90002
accuracy: 0.56875
results on validation dataset default_1
loss: 1.61216769605
bpc: 2.3258663286
perplexity: 7.246862059
accuracy: 0.522674418605

Creating checkpoint at lstm/test_res_net_1000_emb150_nl1_nn100_bs32_nu10/checkpoints/20600


step: 20600
learning_rate: 0.4
results on train dataset
loss: 1.7126
bpc: 2.47077
perplexity: 7.60199
accuracy: 0.484375
results on validation dataset default_1
loss: 1.61243357598
bpc: 2.32624991826
perplexity: 7.25631189942
accuracy: 0.522093023256


step: 20700
learning_rate: 0.4
results on train dataset
loss: 1.46446
bpc: 2.11277
perplexity: 7.25269
accuracy: 0.534375
results on validation dataset default_1
loss: 1.61955719065
bpc: 2.33652712259
perplexity: 7.22422646658
accuracy: 0.517441860465

Creating checkpoint at lstm/test_res_net_1000_emb150_nl1_nn100_bs32_nu10/checkpoints/20800


step: 20800
learning_rate: 0.4
results on train dataset
loss: 1.6392
bpc: 2.36487
perplexity: 8.0555
accuracy: 0.503125
results on validation dataset default_1
loss: 1.61705972022
bpc: 2.33292403233
perplexity: 7.22966768125
accuracy: 0.522093023256


step: 20900
learning_rate: 0.4
results on train dataset
loss: 1.53916
bpc: 2.22054
perplexity: 6.72161
accuracy: 0.5
results on validation dataset default_1
loss: 1.62155293462
bpc: 2.33940637033
perplexity: 7.26976084169
accuracy: 0.51511627907

Creating checkpoint at lstm/test_res_net_1000_emb150_nl1_nn100_bs32_nu10/checkpoints/21000


step: 21000
learning_rate: 0.4
results on train dataset
loss: 1.58372
bpc: 2.28482
perplexity: 6.97308
accuracy: 0.540625
results on validation dataset default_1
loss: 1.62414057914
bpc: 2.3431395514
perplexity: 7.22619780836
accuracy: 0.518604651163


step: 21100
learning_rate: 0.4
results on train dataset
loss: 1.54058
bpc: 2.22259
perplexity: 7.16651
accuracy: 0.54375
results on validation dataset default_1
loss: 1.6199534355
bpc: 2.3370987817
perplexity: 7.18972503176
accuracy: 0.523255813953

Creating checkpoint at lstm/test_res_net_1000_emb150_nl1_nn100_bs32_nu10/checkpoints/21200


step: 21200
learning_rate: 0.4
results on train dataset
loss: 1.55305
bpc: 2.24058
perplexity: 7.3057
accuracy: 0.50625
results on validation dataset default_1
loss: 1.61365402549
bpc: 2.32801065549
perplexity: 7.22210619803
accuracy: 0.521511627907


step: 21300
learning_rate: 0.4
results on train dataset
loss: 1.66838
bpc: 2.40696
perplexity: 7.4658
accuracy: 0.528125
results on validation dataset default_1
loss: 1.62088648422
bpc: 2.33844488424
perplexity: 7.2492760993
accuracy: 0.524418604651

Creating checkpoint at lstm/test_res_net_1000_emb150_nl1_nn100_bs32_nu10/checkpoints/21400


step: 21400
learning_rate: 0.4
results on train dataset
loss: 1.59498
bpc: 2.30106
perplexity: 7.0422
accuracy: 0.53125
results on validation dataset default_1
loss: 1.61606244072
bpc: 2.33148525997
perplexity: 7.1663208976
accuracy: 0.522093023256


step: 21500
learning_rate: 0.4
results on train dataset
loss: 1.54737
bpc: 2.23238
perplexity: 7.68141
accuracy: 0.5375
results on validation dataset default_1
loss: 1.62258205378
bpc: 2.34089107603
perplexity: 7.19170827561
accuracy: 0.527906976744

Creating checkpoint at lstm/test_res_net_1000_emb150_nl1_nn100_bs32_nu10/checkpoints/21600


step: 21600
learning_rate: 0.4
results on train dataset
loss: 1.46939
bpc: 2.11988
perplexity: 7.19969
accuracy: 0.553125
results on validation dataset default_1
loss: 1.61766795928
bpc: 2.33380153937
perplexity: 7.23845348649
accuracy: 0.527325581395


step: 21700
learning_rate: 0.4
results on train dataset
loss: 1.84227
bpc: 2.65783
perplexity: 7.76096
accuracy: 0.475
results on validation dataset default_1
loss: 1.61722634862
bpc: 2.33316442492
perplexity: 7.22787317634
accuracy: 0.526744186047

Creating checkpoint at lstm/test_res_net_1000_emb150_nl1_nn100_bs32_nu10/checkpoints/21800


step: 21800
learning_rate: 0.4
results on train dataset
loss: 1.54247
bpc: 2.22532
perplexity: 6.85838
accuracy: 0.540625
results on validation dataset default_1
loss: 1.61501458965
bpc: 2.32997353274
perplexity: 7.28828996988
accuracy: 0.524418604651


step: 21900
learning_rate: 0.4
results on train dataset
loss: 1.59894
bpc: 2.30678
perplexity: 7.38439
accuracy: 0.515625
results on validation dataset default_1
loss: 1.61488210385
bpc: 2.32978239668
perplexity: 7.32240424808
accuracy: 0.51976744186

Creating checkpoint at lstm/test_res_net_1000_emb150_nl1_nn100_bs32_nu10/checkpoints/22000


step: 22000
learning_rate: 0.4
results on train dataset
loss: 1.40206
bpc: 2.02275
perplexity: 7.2629
accuracy: 0.575
results on validation dataset default_1
loss: 1.61286057627
bpc: 2.32686595034
perplexity: 7.23549117363
accuracy: 0.522674418605


step: 22100
learning_rate: 0.4
results on train dataset
loss: 1.86059
bpc: 2.68426
perplexity: 8.53309
accuracy: 0.46875
results on validation dataset default_1
loss: 1.6136096419
bpc: 2.32794662248
perplexity: 7.29351129802
accuracy: 0.525581395349

Creating checkpoint at lstm/test_res_net_1000_emb150_nl1_nn100_bs32_nu10/checkpoints/22200


step: 22200
learning_rate: 0.4
results on train dataset
loss: 1.48755
bpc: 2.14607
perplexity: 7.53541
accuracy: 0.5375
results on validation dataset default_1
loss: 1.60759028387
bpc: 2.3192625273
perplexity: 7.29109343166
accuracy: 0.519186046512


step: 22300
learning_rate: 0.4
results on train dataset
loss: 1.63556
bpc: 2.35962
perplexity: 7.38242
accuracy: 0.490625
results on validation dataset default_1
loss: 1.61103412636
bpc: 2.32423093466
perplexity: 7.36140526852
accuracy: 0.521511627907

Creating checkpoint at lstm/test_res_net_1000_emb150_nl1_nn100_bs32_nu10/checkpoints/22400


step: 22400
learning_rate: 0.4
results on train dataset
loss: 1.48319
bpc: 2.13979
perplexity: 6.97082
accuracy: 0.553125
results on validation dataset default_1
loss: 1.60905972766
bpc: 2.32138248415
perplexity: 7.20305683252
accuracy: 0.519186046512


step: 22500
learning_rate: 0.4
results on train dataset
loss: 1.61869
bpc: 2.33528
perplexity: 7.69543
accuracy: 0.496875
results on validation dataset default_1
loss: 1.60946066785
bpc: 2.32196091754
perplexity: 7.27734285822
accuracy: 0.521511627907

Creating checkpoint at lstm/test_res_net_1000_emb150_nl1_nn100_bs32_nu10/checkpoints/22600


step: 22600
learning_rate: 0.4
results on train dataset
loss: 1.37968
bpc: 1.99045
perplexity: 6.62688
accuracy: 0.559375
results on validation dataset default_1
loss: 1.60925641645
bpc: 2.32166624421
perplexity: 7.30348699793
accuracy: 0.518604651163


step: 22700
learning_rate: 0.4
results on train dataset
loss: 1.56443
bpc: 2.257
perplexity: 7.63566
accuracy: 0.509375
results on validation dataset default_1
loss: 1.60212067728
bpc: 2.31137154843
perplexity: 7.31926860594
accuracy: 0.528488372093

Creating checkpoint at lstm/test_res_net_1000_emb150_nl1_nn100_bs32_nu10/checkpoints/22800


step: 22800
learning_rate: 0.4
results on train dataset
loss: 1.63843
bpc: 2.36375
perplexity: 7.69922
accuracy: 0.51875
results on validation dataset default_1
loss: 1.59861827083
bpc: 2.30631864599
perplexity: 7.18902761583
accuracy: 0.522674418605


step: 22900
learning_rate: 0.4
results on train dataset
loss: 1.62185
bpc: 2.33984
perplexity: 7.25681
accuracy: 0.4875
results on validation dataset default_1
loss: 1.60303147325
bpc: 2.31268554972
perplexity: 7.30792699408
accuracy: 0.525

Creating checkpoint at lstm/test_res_net_1000_emb150_nl1_nn100_bs32_nu10/checkpoints/23000


step: 23000
learning_rate: 0.4
results on train dataset
loss: 1.5379
bpc: 2.21872
perplexity: 7.30007
accuracy: 0.553125
results on validation dataset default_1
loss: 1.60188584789
bpc: 2.31103276467
perplexity: 7.35345558843
accuracy: 0.527325581395


step: 23100
learning_rate: 0.4
results on train dataset
loss: 1.62773
bpc: 2.34832
perplexity: 7.13146
accuracy: 0.540625
results on validation dataset default_1
loss: 1.60404553223
bpc: 2.314148531
perplexity: 7.31166589038
accuracy: 0.521511627907

Creating checkpoint at lstm/test_res_net_1000_emb150_nl1_nn100_bs32_nu10/checkpoints/23200


step: 23200
learning_rate: 0.4
results on train dataset
loss: 1.43108
bpc: 2.06462
perplexity: 7.57739
accuracy: 0.546875
results on validation dataset default_1
loss: 1.59470392657
bpc: 2.30067143956
perplexity: 7.31431727416
accuracy: 0.529651162791


step: 23300
learning_rate: 0.4
results on train dataset
loss: 1.63232
bpc: 2.35494
perplexity: 7.83653
accuracy: 0.5
results on validation dataset default_1
loss: 1.59878918344
bpc: 2.3065652241
perplexity: 7.29271218111
accuracy: 0.525

Creating checkpoint at lstm/test_res_net_1000_emb150_nl1_nn100_bs32_nu10/checkpoints/23400


step: 23400
learning_rate: 0.4
results on train dataset
loss: 1.61873
bpc: 2.33534
perplexity: 6.84716
accuracy: 0.509375
results on validation dataset default_1
loss: 1.60593892045
bpc: 2.31688011173
perplexity: 7.26156908073
accuracy: 0.518023255814


step: 23500
learning_rate: 0.4
results on train dataset
loss: 1.48606
bpc: 2.14393
perplexity: 7.13223
accuracy: 0.525
results on validation dataset default_1
loss: 1.60128682213
bpc: 2.31016855285
perplexity: 7.28860280299
accuracy: 0.520930232558

Creating checkpoint at lstm/test_res_net_1000_emb150_nl1_nn100_bs32_nu10/checkpoints/23600


step: 23600
learning_rate: 0.4
results on train dataset
loss: 1.58323
bpc: 2.28412
perplexity: 7.67959
accuracy: 0.515625
results on validation dataset default_1
loss: 1.59940667311
bpc: 2.30745607007
perplexity: 7.25945886914
accuracy: 0.515697674419


step: 23700
learning_rate: 0.4
results on train dataset
loss: 1.65816
bpc: 2.39222
perplexity: 7.62041
accuracy: 0.521875
results on validation dataset default_1
loss: 1.60032477754
bpc: 2.30878060976
perplexity: 7.26551287278
accuracy: 0.515697674419

Creating checkpoint at lstm/test_res_net_1000_emb150_nl1_nn100_bs32_nu10/checkpoints/23800


step: 23800
learning_rate: 0.4
results on train dataset
loss: 1.33728
bpc: 1.92929
perplexity: 7.21446
accuracy: 0.578125
results on validation dataset default_1
loss: 1.5953606732
bpc: 2.30161892397
perplexity: 7.30752574289
accuracy: 0.520930232558


step: 23900
learning_rate: 0.4
results on train dataset
loss: 1.44587
bpc: 2.08595
perplexity: 7.18152
accuracy: 0.559375
results on validation dataset default_1
loss: 1.59791593785
bpc: 2.30530539436
perplexity: 7.21404283303
accuracy: 0.51976744186

Creating checkpoint at lstm/test_res_net_1000_emb150_nl1_nn100_bs32_nu10/checkpoints/24000


step: 24000
learning_rate: 0.4
results on train dataset
loss: 1.34942
bpc: 1.94681
perplexity: 6.68551
accuracy: 0.54375
results on validation dataset default_1
loss: 1.60086115506
bpc: 2.30955444238
perplexity: 7.2048768616
accuracy: 0.51976744186


step: 24100
learning_rate: 0.4
results on train dataset
loss: 1.52289
bpc: 2.19706
perplexity: 7.40164
accuracy: 0.540625
results on validation dataset default_1
loss: 1.59530476336
bpc: 2.30153826538
perplexity: 7.22951936805
accuracy: 0.524418604651

Creating checkpoint at lstm/test_res_net_1000_emb150_nl1_nn100_bs32_nu10/checkpoints/24200


step: 24200
learning_rate: 0.4
results on train dataset
loss: 1.54168
bpc: 2.22417
perplexity: 6.81411
accuracy: 0.54375
results on validation dataset default_1
loss: 1.59924782527
bpc: 2.30722690233
perplexity: 7.22149193973
accuracy: 0.524418604651


step: 24300
learning_rate: 0.4
results on train dataset
loss: 1.44367
bpc: 2.08278
perplexity: 7.16722
accuracy: 0.546875
results on validation dataset default_1
loss: 1.59298908491
bpc: 2.29819744775
perplexity: 7.18050983028
accuracy: 0.521511627907

Creating checkpoint at lstm/test_res_net_1000_emb150_nl1_nn100_bs32_nu10/checkpoints/24400


step: 24400
learning_rate: 0.4
results on train dataset
loss: 1.53584
bpc: 2.21575
perplexity: 7.76672
accuracy: 0.51875
results on validation dataset default_1
loss: 1.58702784921
bpc: 2.28959720418
perplexity: 7.29210926066
accuracy: 0.528488372093


step: 24500
learning_rate: 0.4
results on train dataset
loss: 1.51154
bpc: 2.1807
perplexity: 6.86512
accuracy: 0.528125
results on validation dataset default_1
loss: 1.59658746299
bpc: 2.30338881012
perplexity: 7.28245422812
accuracy: 0.518023255814

Creating checkpoint at lstm/test_res_net_1000_emb150_nl1_nn100_bs32_nu10/checkpoints/24600


step: 24600
learning_rate: 0.4
results on train dataset
loss: 1.71207
bpc: 2.46999
perplexity: 7.62413
accuracy: 0.490625
results on validation dataset default_1
loss: 1.58479215746
bpc: 2.28637178139
perplexity: 7.2935528916
accuracy: 0.525


step: 24700
learning_rate: 0.4
results on train dataset
loss: 1.64133
bpc: 2.36794
perplexity: 7.68694
accuracy: 0.51875
results on validation dataset default_1
loss: 1.59220278247
bpc: 2.29706305341
perplexity: 7.37556266958
accuracy: 0.519186046512

Creating checkpoint at lstm/test_res_net_1000_emb150_nl1_nn100_bs32_nu10/checkpoints/24800


step: 24800
learning_rate: 0.4
results on train dataset
loss: 1.516
bpc: 2.18712
perplexity: 7.32161
accuracy: 0.503125
results on validation dataset default_1
loss: 1.58759767715
bpc: 2.29041929286
perplexity: 7.23730678343
accuracy: 0.51976744186


step: 24900
learning_rate: 0.4
results on train dataset
loss: 1.59739
bpc: 2.30454
perplexity: 7.42723
accuracy: 0.51875
results on validation dataset default_1
loss: 1.58420826442
bpc: 2.2855293997
perplexity: 7.1501790493
accuracy: 0.528488372093

Creating checkpoint at lstm/test_res_net_1000_emb150_nl1_nn100_bs32_nu10/checkpoints/25000


step: 25000
learning_rate: 0.4
results on train dataset
loss: 1.64314
bpc: 2.37055
perplexity: 7.39886
accuracy: 0.51875
results on validation dataset default_1
loss: 1.57933959082
bpc: 2.27850538887
perplexity: 7.252446559
accuracy: 0.533720930233


step: 25100
learning_rate: 0.4
results on train dataset
loss: 1.65589
bpc: 2.38895
perplexity: 7.26215
accuracy: 0.534375
results on validation dataset default_1
loss: 1.57568473988
bpc: 2.27323255596
perplexity: 7.25337000711
accuracy: 0.533139534884

Creating checkpoint at lstm/test_res_net_1000_emb150_nl1_nn100_bs32_nu10/checkpoints/25200


step: 25200
learning_rate: 0.4
results on train dataset
loss: 1.52099
bpc: 2.19433
perplexity: 7.31645
accuracy: 0.55
results on validation dataset default_1
loss: 1.57077993989
bpc: 2.26615642344
perplexity: 7.18064804015
accuracy: 0.538953488372


step: 25300
learning_rate: 0.4
results on train dataset
loss: 1.59461
bpc: 2.30053
perplexity: 7.55709
accuracy: 0.50625
results on validation dataset default_1
loss: 1.57020088792
bpc: 2.26532102929
perplexity: 7.31916934002
accuracy: 0.534302325581

Creating checkpoint at lstm/test_res_net_1000_emb150_nl1_nn100_bs32_nu10/checkpoints/25400


step: 25400
learning_rate: 0.4
results on train dataset
loss: 1.55401
bpc: 2.24196
perplexity: 7.72904
accuracy: 0.515625
results on validation dataset default_1
loss: 1.57176143193
bpc: 2.26757242045
perplexity: 7.37378048654
accuracy: 0.530813953488


step: 25500
learning_rate: 0.4
results on train dataset
loss: 1.41073
bpc: 2.03525
perplexity: 7.39147
accuracy: 0.56875
results on validation dataset default_1
loss: 1.56881063644
bpc: 2.26331532373
perplexity: 7.29418653118
accuracy: 0.53488372093

Creating checkpoint at lstm/test_res_net_1000_emb150_nl1_nn100_bs32_nu10/checkpoints/25600


step: 25600
learning_rate: 0.4
results on train dataset
loss: 1.54265
bpc: 2.22557
perplexity: 7.09643
accuracy: 0.528125
results on validation dataset default_1
loss: 1.56789227586
bpc: 2.2619904019
perplexity: 7.35808769832
accuracy: 0.540697674419


step: 25700
learning_rate: 0.4
results on train dataset
loss: 1.34885
bpc: 1.94597
perplexity: 6.87833
accuracy: 0.5875
results on validation dataset default_1
loss: 1.57339556945
bpc: 2.26992998179
perplexity: 7.31909010362
accuracy: 0.533139534884

Creating checkpoint at lstm/test_res_net_1000_emb150_nl1_nn100_bs32_nu10/checkpoints/25800


step: 25800
learning_rate: 0.4
results on train dataset
loss: 1.57783
bpc: 2.27633
perplexity: 6.92252
accuracy: 0.534375
results on validation dataset default_1
loss: 1.58237712762
bpc: 2.28288763001
perplexity: 7.2635393648
accuracy: 0.529651162791


step: 25900
learning_rate: 0.4
results on train dataset
loss: 1.49854
bpc: 2.16194
perplexity: 7.4597
accuracy: 0.571875
results on validation dataset default_1
loss: 1.58065727674
bpc: 2.28040641198
perplexity: 7.31184428868
accuracy: 0.533720930233

Creating checkpoint at lstm/test_res_net_1000_emb150_nl1_nn100_bs32_nu10/checkpoints/26000


step: 26000
learning_rate: 0.04000000000000001
results on train dataset
loss: 1.57413
bpc: 2.27099
perplexity: 7.73361
accuracy: 0.525
results on validation dataset default_1
loss: 1.57951148442
bpc: 2.27875337999
perplexity: 7.38858416517
accuracy: 0.528488372093


step: 26100
learning_rate: 0.04000000000000001
results on train dataset
loss: 1.58271
bpc: 2.28337
perplexity: 8.02934
accuracy: 0.515625
results on validation dataset default_1
loss: 1.5777864241
bpc: 2.27626464398
perplexity: 7.37173590237
accuracy: 0.530813953488

Creating checkpoint at lstm/test_res_net_1000_emb150_nl1_nn100_bs32_nu10/checkpoints/26200


step: 26200
learning_rate: 0.04000000000000001
results on train dataset
loss: 1.65242
bpc: 2.38393
perplexity: 7.20312
accuracy: 0.5
results on validation dataset default_1
loss: 1.57678219797
bpc: 2.27481585527
perplexity: 7.3690257812
accuracy: 0.530813953488


step: 26300
learning_rate: 0.04000000000000001
results on train dataset
loss: 1.50723
bpc: 2.17448
perplexity: 7.83935
accuracy: 0.578125
results on validation dataset default_1
loss: 1.57609739521
bpc: 2.2738278915
perplexity: 7.35690228211
accuracy: 0.53023255814

Creating checkpoint at lstm/test_res_net_1000_emb150_nl1_nn100_bs32_nu10/checkpoints/26400


step: 26400
learning_rate: 0.04000000000000001
results on train dataset
loss: 1.49745
bpc: 2.16037
perplexity: 6.85016
accuracy: 0.559375
results on validation dataset default_1
loss: 1.57638327437
bpc: 2.27424033073
perplexity: 7.3399504358
accuracy: 0.531976744186


step: 26500
learning_rate: 0.04000000000000001
results on train dataset
loss: 1.56734
bpc: 2.26119
perplexity: 7.47479
accuracy: 0.540625
results on validation dataset default_1
loss: 1.57603528116
bpc: 2.27373827765
perplexity: 7.32833611556
accuracy: 0.533720930233

Creating checkpoint at lstm/test_res_net_1000_emb150_nl1_nn100_bs32_nu10/checkpoints/26600


step: 26600
learning_rate: 0.04000000000000001
results on train dataset
loss: 1.53751
bpc: 2.21816
perplexity: 7.17145
accuracy: 0.53125
results on validation dataset default_1
loss: 1.57591286296
bpc: 2.27356166973
perplexity: 7.31545792153
accuracy: 0.535465116279


step: 26700
learning_rate: 0.04000000000000001
results on train dataset
loss: 1.52329
bpc: 2.19764
perplexity: 7.31864
accuracy: 0.51875
results on validation dataset default_1
loss: 1.5753406601
bpc: 2.27273615544
perplexity: 7.3208436259
accuracy: 0.531976744186

Creating checkpoint at lstm/test_res_net_1000_emb150_nl1_nn100_bs32_nu10/checkpoints/26800


step: 26800
learning_rate: 0.04000000000000001
results on train dataset
loss: 1.42347
bpc: 2.05363
perplexity: 7.16955
accuracy: 0.55
results on validation dataset default_1
loss: 1.57526470478
bpc: 2.2726265691
perplexity: 7.32242544571
accuracy: 0.53488372093


step: 26900
learning_rate: 0.04000000000000001
results on train dataset
loss: 1.35536
bpc: 1.95537
perplexity: 6.71106
accuracy: 0.58125
results on validation dataset default_1
loss: 1.57578239353
bpc: 2.27337344022
perplexity: 7.31076152942
accuracy: 0.532558139535

Creating checkpoint at lstm/test_res_net_1000_emb150_nl1_nn100_bs32_nu10/checkpoints/27000


step: 27000
learning_rate: 0.04000000000000001
results on train dataset
loss: 1.60673
bpc: 2.31802
perplexity: 7.60058
accuracy: 0.5375
results on validation dataset default_1
loss: 1.57654464869
bpc: 2.27447314151
perplexity: 7.30238714904
accuracy: 0.532558139535


step: 27100
learning_rate: 0.04000000000000001
results on train dataset
loss: 1.69767
bpc: 2.44922
perplexity: 7.59698
accuracy: 0.484375
results on validation dataset default_1
loss: 1.57573735235
bpc: 2.27330845597
perplexity: 7.29360274472
accuracy: 0.532558139535

Creating checkpoint at lstm/test_res_net_1000_emb150_nl1_nn100_bs32_nu10/checkpoints/27200


step: 27200
learning_rate: 0.04000000000000001
results on train dataset
loss: 1.49339
bpc: 2.15451
perplexity: 7.46547
accuracy: 0.55
results on validation dataset default_1
loss: 1.57561757789
bpc: 2.27313565973
perplexity: 7.31485471448
accuracy: 0.530813953488


step: 27300
learning_rate: 0.04000000000000001
results on train dataset
loss: 1.58225
bpc: 2.2827
perplexity: 7.9187
accuracy: 0.5125
results on validation dataset default_1
loss: 1.57452256208
bpc: 2.2715558889
perplexity: 7.31065616899
accuracy: 0.526744186047

Creating checkpoint at lstm/test_res_net_1000_emb150_nl1_nn100_bs32_nu10/checkpoints/27400


step: 27400
learning_rate: 0.04000000000000001
results on train dataset
loss: 1.54141
bpc: 2.22379
perplexity: 7.28824
accuracy: 0.5375
results on validation dataset default_1
loss: 1.57402544322
bpc: 2.27083869587
perplexity: 7.30960592073
accuracy: 0.526744186047


step: 27500
learning_rate: 0.04000000000000001
results on train dataset
loss: 1.67539
bpc: 2.41708
perplexity: 7.44186
accuracy: 0.534375
results on validation dataset default_1
loss: 1.57332934219
bpc: 2.2698344324
perplexity: 7.31931650639
accuracy: 0.529069767442

Creating checkpoint at lstm/test_res_net_1000_emb150_nl1_nn100_bs32_nu10/checkpoints/27600


step: 27600
learning_rate: 0.04000000000000001
results on train dataset
loss: 1.45092
bpc: 2.09323
perplexity: 7.31025
accuracy: 0.534375
results on validation dataset default_1
loss: 1.574032847
bpc: 2.27084937713
perplexity: 7.2935457965
accuracy: 0.53023255814


step: 27700
learning_rate: 0.04000000000000001
results on train dataset
loss: 1.55701
bpc: 2.24629
perplexity: 7.51293
accuracy: 0.51875
results on validation dataset default_1
loss: 1.57348977899
bpc: 2.27006588936
perplexity: 7.28592468396
accuracy: 0.531395348837

Creating checkpoint at lstm/test_res_net_1000_emb150_nl1_nn100_bs32_nu10/checkpoints/27800


step: 27800
learning_rate: 0.04000000000000001
results on train dataset
loss: 1.66273
bpc: 2.39881
perplexity: 7.71988
accuracy: 0.525
results on validation dataset default_1
loss: 1.57240373968
bpc: 2.2684990728
perplexity: 7.28964355345
accuracy: 0.535465116279


step: 27900
learning_rate: 0.04000000000000001
results on train dataset
loss: 1.57977
bpc: 2.27912
perplexity: 7.38828
accuracy: 0.540625
results on validation dataset default_1
loss: 1.57253691378
bpc: 2.2686912005
perplexity: 7.28180591007
accuracy: 0.533139534884

Creating checkpoint at lstm/test_res_net_1000_emb150_nl1_nn100_bs32_nu10/checkpoints/28000


step: 28000
learning_rate: 0.04000000000000001
results on train dataset
loss: 1.40552
bpc: 2.02774
perplexity: 7.14366
accuracy: 0.590625
results on validation dataset default_1
loss: 1.57186376542
bpc: 2.26772005613
perplexity: 7.26885080344
accuracy: 0.532558139535


step: 28100
learning_rate: 0.04000000000000001
results on train dataset
loss: 1.72063
bpc: 2.48235
perplexity: 7.8888
accuracy: 0.5
results on validation dataset default_1
loss: 1.57245693385
bpc: 2.26857581331
perplexity: 7.24920296475
accuracy: 0.527906976744

Creating checkpoint at lstm/test_res_net_1000_emb150_nl1_nn100_bs32_nu10/checkpoints/28200


step: 28200
learning_rate: 0.04000000000000001
results on train dataset
loss: 1.45457
bpc: 2.0985
perplexity: 7.85139
accuracy: 0.540625
results on validation dataset default_1
loss: 1.57297206583
bpc: 2.26931899144
perplexity: 7.2440887824
accuracy: 0.527906976744


step: 28300
learning_rate: 0.04000000000000001
results on train dataset
loss: 1.21987
bpc: 1.75991
perplexity: 6.26709
accuracy: 0.628125
results on validation dataset default_1
loss: 1.57283231957
bpc: 2.26911737972
perplexity: 7.23352602478
accuracy: 0.530813953488

Creating checkpoint at lstm/test_res_net_1000_emb150_nl1_nn100_bs32_nu10/checkpoints/28400


step: 28400
learning_rate: 0.04000000000000001
results on train dataset
loss: 1.56465
bpc: 2.25731
perplexity: 7.38866
accuracy: 0.509375
results on validation dataset default_1
loss: 1.57314667373
bpc: 2.26957089837
perplexity: 7.23834778479
accuracy: 0.531976744186


step: 28500
learning_rate: 0.04000000000000001
results on train dataset
loss: 1.55245
bpc: 2.23971
perplexity: 7.98675
accuracy: 0.525
results on validation dataset default_1
loss: 1.57265021915
bpc: 2.26885466488
perplexity: 7.25130712314
accuracy: 0.527906976744

Creating checkpoint at lstm/test_res_net_1000_emb150_nl1_nn100_bs32_nu10/checkpoints/28600


step: 28600
learning_rate: 0.04000000000000001
results on train dataset
loss: 1.46097
bpc: 2.10773
perplexity: 7.13034
accuracy: 0.534375
results on validation dataset default_1
loss: 1.57292258795
bpc: 2.26924761201
perplexity: 7.24234605633
accuracy: 0.531395348837


step: 28700
learning_rate: 0.04000000000000001
results on train dataset
loss: 1.4475
bpc: 2.0883
perplexity: 6.53005
accuracy: 0.521875
results on validation dataset default_1
loss: 1.57165038059
bpc: 2.26741220451
perplexity: 7.25303999712
accuracy: 0.533139534884

Creating checkpoint at lstm/test_res_net_1000_emb150_nl1_nn100_bs32_nu10/checkpoints/28800


step: 28800
learning_rate: 0.04000000000000001
results on train dataset
loss: 1.54124
bpc: 2.22353
perplexity: 7.4164
accuracy: 0.54375
results on validation dataset default_1
loss: 1.57088601689
bpc: 2.26630945937
perplexity: 7.2484475201
accuracy: 0.532558139535


step: 28900
learning_rate: 0.04000000000000001
results on train dataset
loss: 1.46649
bpc: 2.1157
perplexity: 7.76035
accuracy: 0.546875
results on validation dataset default_1
loss: 1.57178188508
bpc: 2.26760192678
perplexity: 7.25453631129
accuracy: 0.533139534884

Creating checkpoint at lstm/test_res_net_1000_emb150_nl1_nn100_bs32_nu10/checkpoints/29000


step: 29000
learning_rate: 0.04000000000000001
results on train dataset
loss: 1.41043
bpc: 2.03482
perplexity: 6.91312
accuracy: 0.571875
results on validation dataset default_1
loss: 1.57122644024
bpc: 2.26680058657
perplexity: 7.24986084582
accuracy: 0.532558139535


step: 29100
learning_rate: 0.04000000000000001
results on train dataset
loss: 1.42711
bpc: 2.05889
perplexity: 7.22075
accuracy: 0.571875
results on validation dataset default_1
loss: 1.56986495395
bpc: 2.26483637726
perplexity: 7.24384085439
accuracy: 0.533720930233

Creating checkpoint at lstm/test_res_net_1000_emb150_nl1_nn100_bs32_nu10/checkpoints/29200


step: 29200
learning_rate: 0.04000000000000001
results on train dataset
loss: 1.57201
bpc: 2.26793
perplexity: 7.27959
accuracy: 0.490625
results on validation dataset default_1
loss: 1.57038403006
bpc: 2.26558524544
perplexity: 7.24896610026
accuracy: 0.529651162791


step: 29300
learning_rate: 0.04000000000000001
results on train dataset
loss: 1.43508
bpc: 2.07038
perplexity: 6.91394
accuracy: 0.55
results on validation dataset default_1
loss: 1.57064209293
bpc: 2.26595755236
perplexity: 7.27320802503
accuracy: 0.530813953488

Creating checkpoint at lstm/test_res_net_1000_emb150_nl1_nn100_bs32_nu10/checkpoints/29400


step: 29400
learning_rate: 0.04000000000000001
results on train dataset
loss: 1.456
bpc: 2.10056
perplexity: 6.59855
accuracy: 0.54375
results on validation dataset default_1
loss: 1.57047756431
bpc: 2.26572018759
perplexity: 7.27308688476
accuracy: 0.529651162791


step: 29500
learning_rate: 0.04000000000000001
results on train dataset
loss: 1.48029
bpc: 2.13561
perplexity: 7.09109
accuracy: 0.51875
results on validation dataset default_1
loss: 1.57171317377
bpc: 2.26750279657
perplexity: 7.25236089077
accuracy: 0.528488372093

Creating checkpoint at lstm/test_res_net_1000_emb150_nl1_nn100_bs32_nu10/checkpoints/29600


step: 29600
learning_rate: 0.04000000000000001
results on train dataset
loss: 1.32025
bpc: 1.90473
perplexity: 6.45449
accuracy: 0.6
results on validation dataset default_1
loss: 1.57079687513
bpc: 2.26618085591
perplexity: 7.25575957361
accuracy: 0.529069767442


step: 29700
learning_rate: 0.04000000000000001
results on train dataset
loss: 1.40368
bpc: 2.02508
perplexity: 6.53167
accuracy: 0.534375
results on validation dataset default_1
loss: 1.57122776312
bpc: 2.26680249532
perplexity: 7.26280865226
accuracy: 0.530813953488

Creating checkpoint at lstm/test_res_net_1000_emb150_nl1_nn100_bs32_nu10/checkpoints/29800


step: 29800
learning_rate: 0.04000000000000001
results on train dataset
loss: 1.51252
bpc: 2.1821
perplexity: 7.06181
accuracy: 0.528125
results on validation dataset default_1
loss: 1.57159059666
bpc: 2.26732595227
perplexity: 7.25800224064
accuracy: 0.532558139535


step: 29900
learning_rate: 0.04000000000000001
results on train dataset
loss: 1.59114
bpc: 2.29553
perplexity: 7.3522
accuracy: 0.50625
results on validation dataset default_1
loss: 1.57149239062
bpc: 2.26718426923
perplexity: 7.25623579046
accuracy: 0.531395348837

Creating checkpoint at lstm/test_res_net_1000_emb150_nl1_nn100_bs32_nu10/checkpoints/30000


step: 30000
learning_rate: 0.04000000000000001
results on train dataset
loss: 1.57569
bpc: 2.27325
perplexity: 7.37802
accuracy: 0.515625
results on validation dataset default_1
loss: 1.57171857864
bpc: 2.26751059402
perplexity: 7.25868539949
accuracy: 0.531976744186


step: 30100
learning_rate: 0.04000000000000001
results on train dataset
loss: 1.61434
bpc: 2.329
perplexity: 7.19241
accuracy: 0.55625
results on validation dataset default_1
loss: 1.57083052652
bpc: 2.26622940295
perplexity: 7.27520155512
accuracy: 0.53023255814

Creating checkpoint at lstm/test_res_net_1000_emb150_nl1_nn100_bs32_nu10/checkpoints/30200


step: 30200
learning_rate: 0.04000000000000001
results on train dataset
loss: 1.50892
bpc: 2.17691
perplexity: 7.25163
accuracy: 0.5375
results on validation dataset default_1
loss: 1.5709163879
bpc: 2.26635327776
perplexity: 7.26797333346
accuracy: 0.530813953488


step: 30300
learning_rate: 0.04000000000000001
results on train dataset
loss: 1.56374
bpc: 2.256
perplexity: 7.41899
accuracy: 0.54375
results on validation dataset default_1
loss: 1.57149491492
bpc: 2.26718791501
perplexity: 7.27661805222
accuracy: 0.53023255814

Creating checkpoint at lstm/test_res_net_1000_emb150_nl1_nn100_bs32_nu10/checkpoints/30400


step: 30400
learning_rate: 0.04000000000000001
results on train dataset
loss: 1.44865
bpc: 2.08996
perplexity: 7.1182
accuracy: 0.56875
results on validation dataset default_1
loss: 1.57121873283
bpc: 2.26678946746
perplexity: 7.27342896122
accuracy: 0.529069767442


step: 30500
learning_rate: 0.04000000000000001
results on train dataset
loss: 1.42238
bpc: 2.05206
perplexity: 7.07269
accuracy: 0.565625
results on validation dataset default_1
loss: 1.5699776235
bpc: 2.26499892726
perplexity: 7.28981290855
accuracy: 0.531395348837

Creating checkpoint at lstm/test_res_net_1000_emb150_nl1_nn100_bs32_nu10/checkpoints/30600


step: 30600
learning_rate: 0.04000000000000001
results on train dataset
loss: 1.31857
bpc: 1.9023
perplexity: 6.97947
accuracy: 0.584375
results on validation dataset default_1
loss: 1.57015746377
bpc: 2.26525837724
perplexity: 7.27241534494
accuracy: 0.531395348837


step: 30700
learning_rate: 0.04000000000000001
results on train dataset
loss: 1.6362
bpc: 2.36054
perplexity: 7.48298
accuracy: 0.515625
results on validation dataset default_1
loss: 1.57153387962
bpc: 2.26724413038
perplexity: 7.25773764419
accuracy: 0.532558139535

Creating checkpoint at lstm/test_res_net_1000_emb150_nl1_nn100_bs32_nu10/checkpoints/30800


step: 30800
learning_rate: 0.04000000000000001
results on train dataset
loss: 1.47997
bpc: 2.13514
perplexity: 7.01071
accuracy: 0.525
results on validation dataset default_1
loss: 1.57240128996
bpc: 2.26849553491
perplexity: 7.26468514994
accuracy: 0.533720930233


step: 30900
learning_rate: 0.04000000000000001
results on train dataset
loss: 1.55825
bpc: 2.24808
perplexity: 7.57465
accuracy: 0.496875
results on validation dataset default_1
loss: 1.57248066631
bpc: 2.2686100499
perplexity: 7.2503051561
accuracy: 0.532558139535

Creating checkpoint at lstm/test_res_net_1000_emb150_nl1_nn100_bs32_nu10/checkpoints/31000


step: 31000
learning_rate: 0.04000000000000001
results on train dataset
loss: 1.54876
bpc: 2.23438
perplexity: 8.24851
accuracy: 0.5375
results on validation dataset default_1
loss: 1.57368108541
bpc: 2.27034189203
perplexity: 7.26273762216
accuracy: 0.532558139535


step: 31100
learning_rate: 0.04000000000000001
results on train dataset
loss: 1.61971
bpc: 2.33675
perplexity: 7.58376
accuracy: 0.51875
results on validation dataset default_1
loss: 1.57327236656
bpc: 2.2697522339
perplexity: 7.26010776183
accuracy: 0.530813953488

Creating checkpoint at lstm/test_res_net_1000_emb150_nl1_nn100_bs32_nu10/checkpoints/31200


step: 31200
learning_rate: 0.04000000000000001
results on train dataset
loss: 1.47238
bpc: 2.1242
perplexity: 7.04155
accuracy: 0.571875
results on validation dataset default_1
loss: 1.57285213751
bpc: 2.26914597323
perplexity: 7.26658568493
accuracy: 0.531395348837


step: 31300
learning_rate: 0.04000000000000001
results on train dataset
loss: 1.55314
bpc: 2.24071
perplexity: 7.64203
accuracy: 0.53125
results on validation dataset default_1
loss: 1.57341141763
bpc: 2.26995284177
perplexity: 7.26487190266
accuracy: 0.532558139535

Creating checkpoint at lstm/test_res_net_1000_emb150_nl1_nn100_bs32_nu10/checkpoints/31400


step: 31400
learning_rate: 0.04000000000000001
results on train dataset
loss: 1.56874
bpc: 2.26321
perplexity: 6.79371
accuracy: 0.55
results on validation dataset default_1
loss: 1.57232340212
bpc: 2.26838317143
perplexity: 7.28209760979
accuracy: 0.533139534884


step: 31500
learning_rate: 0.04000000000000001
results on train dataset
loss: 1.40178
bpc: 2.02234
perplexity: 7.01228
accuracy: 0.575
results on validation dataset default_1
loss: 1.57073859533
bpc: 2.26609677653
perplexity: 7.28818306452
accuracy: 0.531976744186

Creating checkpoint at lstm/test_res_net_1000_emb150_nl1_nn100_bs32_nu10/checkpoints/31600


step: 31600
learning_rate: 0.04000000000000001
results on train dataset
loss: 1.61375
bpc: 2.32815
perplexity: 7.77003
accuracy: 0.571875
results on validation dataset default_1
loss: 1.57069784051
bpc: 2.26603797812
perplexity: 7.29202505406
accuracy: 0.533139534884


step: 31700
learning_rate: 0.04000000000000001
results on train dataset
loss: 1.50134
bpc: 2.16598
perplexity: 7.48099
accuracy: 0.54375
results on validation dataset default_1
loss: 1.57101218374
bpc: 2.26649148352
perplexity: 7.29563071173
accuracy: 0.533139534884

Creating checkpoint at lstm/test_res_net_1000_emb150_nl1_nn100_bs32_nu10/checkpoints/31800


step: 31800
learning_rate: 0.04000000000000001
results on train dataset
loss: 1.40743
bpc: 2.03049
perplexity: 6.87734
accuracy: 0.54375
results on validation dataset default_1
loss: 1.57030280534
bpc: 2.26546806234
perplexity: 7.29698545545
accuracy: 0.534302325581


step: 31900
learning_rate: 0.04000000000000001
results on train dataset
loss: 1.30638
bpc: 1.88471
perplexity: 6.55335
accuracy: 0.6
results on validation dataset default_1
loss: 1.56953647032
bpc: 2.26436247253
perplexity: 7.31446418235
accuracy: 0.532558139535

Creating checkpoint at lstm/test_res_net_1000_emb150_nl1_nn100_bs32_nu10/checkpoints/32000


step: 32000
learning_rate: 0.04000000000000001
results on train dataset
loss: 1.70223
bpc: 2.45579
perplexity: 7.91082
accuracy: 0.478125
results on validation dataset default_1
loss: 1.56930893116
bpc: 2.26403421026
perplexity: 7.3204107114
accuracy: 0.528488372093


step: 32100
learning_rate: 0.04000000000000001
results on train dataset
loss: 1.50138
bpc: 2.16603
perplexity: 7.47129
accuracy: 0.54375
results on validation dataset default_1
loss: 1.56887838953
bpc: 2.26341306562
perplexity: 7.30829055157
accuracy: 0.526162790698

Creating checkpoint at lstm/test_res_net_1000_emb150_nl1_nn100_bs32_nu10/checkpoints/32200


step: 32200
learning_rate: 0.04000000000000001
results on train dataset
loss: 1.52962
bpc: 2.20677
perplexity: 7.16325
accuracy: 0.553125
results on validation dataset default_1
loss: 1.56893864936
bpc: 2.26350000293
perplexity: 7.30021421043
accuracy: 0.53023255814


step: 32300
learning_rate: 0.04000000000000001
results on train dataset
loss: 1.45115
bpc: 2.09357
perplexity: 7.36455
accuracy: 0.540625
results on validation dataset default_1
loss: 1.56812774513
bpc: 2.2623301137
perplexity: 7.27630747688
accuracy: 0.534302325581

Creating checkpoint at lstm/test_res_net_1000_emb150_nl1_nn100_bs32_nu10/checkpoints/32400


step: 32400
learning_rate: 0.04000000000000001
results on train dataset
loss: 1.66165
bpc: 2.39726
perplexity: 8.14094
accuracy: 0.521875
results on validation dataset default_1
loss: 1.5671009015
bpc: 2.26084869232
perplexity: 7.28872918438
accuracy: 0.535465116279


step: 32500
learning_rate: 0.04000000000000001
results on train dataset
loss: 1.53559
bpc: 2.21539
perplexity: 7.49685
accuracy: 0.540625
results on validation dataset default_1
loss: 1.56732418536
bpc: 2.26117082699
perplexity: 7.27544588419
accuracy: 0.531395348837

Creating checkpoint at lstm/test_res_net_1000_emb150_nl1_nn100_bs32_nu10/checkpoints/32600


step: 32600
learning_rate: 0.04000000000000001
results on train dataset
loss: 1.4736
bpc: 2.12596
perplexity: 7.55197
accuracy: 0.540625
results on validation dataset default_1
loss: 1.56668056067
bpc: 2.26024227353
perplexity: 7.26737422181
accuracy: 0.532558139535


step: 32700
learning_rate: 0.04000000000000001
results on train dataset
loss: 1.52031
bpc: 2.19334
perplexity: 7.12212
accuracy: 0.521875
results on validation dataset default_1
loss: 1.56655768744
bpc: 2.26006500255
perplexity: 7.26938416951
accuracy: 0.533139534884

Creating checkpoint at lstm/test_res_net_1000_emb150_nl1_nn100_bs32_nu10/checkpoints/32800


step: 32800
learning_rate: 0.04000000000000001
results on train dataset
loss: 1.59347
bpc: 2.2989
perplexity: 7.58613
accuracy: 0.528125
results on validation dataset default_1
loss: 1.56614898577
bpc: 2.25947536758
perplexity: 7.2646125352
accuracy: 0.529651162791


step: 32900
learning_rate: 0.04000000000000001
results on train dataset
loss: 1.47268
bpc: 2.12462
perplexity: 7.5374
accuracy: 0.534375
results on validation dataset default_1
loss: 1.56548461033
bpc: 2.25851687711
perplexity: 7.29712225739
accuracy: 0.531976744186

Creating checkpoint at lstm/test_res_net_1000_emb150_nl1_nn100_bs32_nu10/checkpoints/33000


step: 33000
learning_rate: 0.04000000000000001
results on train dataset
loss: 1.60512
bpc: 2.3157
perplexity: 6.92709
accuracy: 0.51875
results on validation dataset default_1
loss: 1.56520084373
bpc: 2.25810748851
perplexity: 7.3030903923
accuracy: 0.53023255814


step: 33100
learning_rate: 0.04000000000000001
results on train dataset
loss: 1.38587
bpc: 1.99939
perplexity: 6.79927
accuracy: 0.590625
results on validation dataset default_1
loss: 1.56591092892
bpc: 2.25913192708
perplexity: 7.30701705307
accuracy: 0.535465116279

Creating checkpoint at lstm/test_res_net_1000_emb150_nl1_nn100_bs32_nu10/checkpoints/33200


step: 33200
learning_rate: 0.04000000000000001
results on train dataset
loss: 1.46132
bpc: 2.10824
perplexity: 7.73074
accuracy: 0.56875
results on validation dataset default_1
loss: 1.56708341313
bpc: 2.26082346399
perplexity: 7.31225759325
accuracy: 0.533720930233


step: 33300
learning_rate: 0.04000000000000001
results on train dataset
loss: 1.64891
bpc: 2.37888
perplexity: 7.0759
accuracy: 0.53125
results on validation dataset default_1
loss: 1.56797642458
bpc: 2.26211180777
perplexity: 7.33369681738
accuracy: 0.531976744186

Creating checkpoint at lstm/test_res_net_1000_emb150_nl1_nn100_bs32_nu10/checkpoints/33400


step: 33400
learning_rate: 0.04000000000000001
results on train dataset
loss: 1.3897
bpc: 2.00491
perplexity: 6.56176
accuracy: 0.590625
results on validation dataset default_1
loss: 1.56726492175
bpc: 2.26108532338
perplexity: 7.33852687173
accuracy: 0.533720930233


step: 33500
learning_rate: 0.04000000000000001
results on train dataset
loss: 1.60041
bpc: 2.30891
perplexity: 7.51215
accuracy: 0.49375
results on validation dataset default_1
loss: 1.56693076363
bpc: 2.26060323634
perplexity: 7.31895061413
accuracy: 0.531395348837

Creating checkpoint at lstm/test_res_net_1000_emb150_nl1_nn100_bs32_nu10/checkpoints/33600


step: 33600
learning_rate: 0.04000000000000001
results on train dataset
loss: 1.52337
bpc: 2.19776
perplexity: 7.3543
accuracy: 0.56875
results on validation dataset default_1
loss: 1.56649164192
bpc: 2.25996971742
perplexity: 7.32263771781
accuracy: 0.531395348837


step: 33700
learning_rate: 0.04000000000000001
results on train dataset
loss: 1.61163
bpc: 2.32509
perplexity: 7.24988
accuracy: 0.515625
results on validation dataset default_1
loss: 1.56654211958
bpc: 2.26004254009
perplexity: 7.31043159075
accuracy: 0.531976744186

Creating checkpoint at lstm/test_res_net_1000_emb150_nl1_nn100_bs32_nu10/checkpoints/33800


step: 33800
learning_rate: 0.04000000000000001
results on train dataset
loss: 1.50369
bpc: 2.16936
perplexity: 7.12276
accuracy: 0.546875
results on validation dataset default_1
loss: 1.56685412398
bpc: 2.26049266891
perplexity: 7.30243388906
accuracy: 0.533139534884


step: 33900
learning_rate: 0.04000000000000001
results on train dataset
loss: 1.41708
bpc: 2.04441
perplexity: 7.42874
accuracy: 0.559375
results on validation dataset default_1
loss: 1.56778002537
bpc: 2.26182845987
perplexity: 7.28519675739
accuracy: 0.531395348837

Creating checkpoint at lstm/test_res_net_1000_emb150_nl1_nn100_bs32_nu10/checkpoints/34000


step: 34000
learning_rate: 0.04000000000000001
results on train dataset
loss: 1.49187
bpc: 2.15232
perplexity: 7.34836
accuracy: 0.565625
results on validation dataset default_1
loss: 1.56775156346
bpc: 2.26178740044
perplexity: 7.2866736516
accuracy: 0.531395348837


step: 34100
learning_rate: 0.04000000000000001
results on train dataset
loss: 1.60675
bpc: 2.31805
perplexity: 7.76798
accuracy: 0.484375
results on validation dataset default_1
loss: 1.56773373928
bpc: 2.26176168485
perplexity: 7.29437678637
accuracy: 0.530813953488

Creating checkpoint at lstm/test_res_net_1000_emb150_nl1_nn100_bs32_nu10/checkpoints/34200


step: 34200
learning_rate: 0.04000000000000001
results on train dataset
loss: 1.44351
bpc: 2.08254
perplexity: 7.55221
accuracy: 0.5625
results on validation dataset default_1
loss: 1.56761178949
bpc: 2.26158574937
perplexity: 7.30050285237
accuracy: 0.530813953488


step: 34300
learning_rate: 0.04000000000000001
results on train dataset
loss: 1.44351
bpc: 2.08254
perplexity: 7.3996
accuracy: 0.5625
results on validation dataset default_1
loss: 1.56718248704
bpc: 2.26096639671
perplexity: 7.29846412831
accuracy: 0.529651162791

Creating checkpoint at lstm/test_res_net_1000_emb150_nl1_nn100_bs32_nu10/checkpoints/34400


step: 34400
learning_rate: 0.04000000000000001
results on train dataset
loss: 1.61816
bpc: 2.33451
perplexity: 7.58518
accuracy: 0.515625
results on validation dataset default_1
loss: 1.56644967128
bpc: 2.25990916608
perplexity: 7.31248437617
accuracy: 0.529069767442


step: 34500
learning_rate: 0.04000000000000001
results on train dataset
loss: 1.51752
bpc: 2.18933
perplexity: 7.46171
accuracy: 0.509375
results on validation dataset default_1
loss: 1.56639651613
bpc: 2.25983247878
perplexity: 7.30439038935
accuracy: 0.530813953488

Creating checkpoint at lstm/test_res_net_1000_emb150_nl1_nn100_bs32_nu10/checkpoints/34600


step: 34600
learning_rate: 0.04000000000000001
results on train dataset
loss: 1.57032
bpc: 2.26549
perplexity: 7.27447
accuracy: 0.521875
results on validation dataset default_1
loss: 1.56609847416
bpc: 2.25940249628
perplexity: 7.2943972293
accuracy: 0.531395348837


step: 34700
learning_rate: 0.04000000000000001
results on train dataset
loss: 1.34433
bpc: 1.93946
perplexity: 7.22895
accuracy: 0.58125
results on validation dataset default_1
loss: 1.56591231824
bpc: 2.25913392792
perplexity: 7.29395683879
accuracy: 0.529651162791

Creating checkpoint at lstm/test_res_net_1000_emb150_nl1_nn100_bs32_nu10/checkpoints/34800


step: 34800
learning_rate: 0.04000000000000001
results on train dataset
loss: 1.45707
bpc: 2.1021
perplexity: 6.98868
accuracy: 0.565625
results on validation dataset default_1
loss: 1.56520687599
bpc: 2.25811619123
perplexity: 7.2962416958
accuracy: 0.535465116279


step: 34900
learning_rate: 0.04000000000000001
results on train dataset
loss: 1.5516
bpc: 2.23849
perplexity: 7.48312
accuracy: 0.528125
results on validation dataset default_1
loss: 1.56589211631
bpc: 2.25910478538
perplexity: 7.29284331681
accuracy: 0.536046511628

Creating checkpoint at lstm/test_res_net_1000_emb150_nl1_nn100_bs32_nu10/checkpoints/35000


step: 35000
learning_rate: 0.04000000000000001
results on train dataset
loss: 1.42538
bpc: 2.05639
perplexity: 7.19012
accuracy: 0.534375
results on validation dataset default_1
loss: 1.56600556998
bpc: 2.25926846192
perplexity: 7.29717890821
accuracy: 0.537209302326


step: 35100
learning_rate: 0.04000000000000001
results on train dataset
loss: 1.58517
bpc: 2.28692
perplexity: 7.70974
accuracy: 0.553125
results on validation dataset default_1
loss: 1.56497412569
bpc: 2.25778040191
perplexity: 7.29158830906
accuracy: 0.535465116279

Creating checkpoint at lstm/test_res_net_1000_emb150_nl1_nn100_bs32_nu10/checkpoints/35200


step: 35200
learning_rate: 0.04000000000000001
results on train dataset
loss: 1.46382
bpc: 2.11185
perplexity: 7.57001
accuracy: 0.590625
results on validation dataset default_1
loss: 1.5656650203
bpc: 2.25877715181
perplexity: 7.31113380991
accuracy: 0.537790697674


step: 35300
learning_rate: 0.04000000000000001
results on train dataset
loss: 1.58417
bpc: 2.28548
perplexity: 7.37164
accuracy: 0.50625
results on validation dataset default_1
loss: 1.56581766301
bpc: 2.25899737742
perplexity: 7.30448137113
accuracy: 0.535465116279

Creating checkpoint at lstm/test_res_net_1000_emb150_nl1_nn100_bs32_nu10/checkpoints/35400


step: 35400
learning_rate: 0.04000000000000001
results on train dataset
loss: 1.60274
bpc: 2.31226
perplexity: 7.11854
accuracy: 0.553125
results on validation dataset default_1
loss: 1.56452876845
bpc: 2.25713788808
perplexity: 7.29418648273
accuracy: 0.537209302326


step: 35500
learning_rate: 0.04000000000000001
results on train dataset
loss: 1.54927
bpc: 2.23513
perplexity: 7.21059
accuracy: 0.546875
results on validation dataset default_1
loss: 1.56519209359
bpc: 2.2580948647
perplexity: 7.30035975347
accuracy: 0.537790697674

Creating checkpoint at lstm/test_res_net_1000_emb150_nl1_nn100_bs32_nu10/checkpoints/35600


step: 35600
learning_rate: 0.04000000000000001
results on train dataset
loss: 1.56281
bpc: 2.25467
perplexity: 7.3004
accuracy: 0.5125
results on validation dataset default_1
loss: 1.56564063429
bpc: 2.25874196998
perplexity: 7.3134378987
accuracy: 0.537790697674


step: 35700
learning_rate: 0.04000000000000001
results on train dataset
loss: 1.39309
bpc: 2.0098
perplexity: 7.29338
accuracy: 0.540625
results on validation dataset default_1
loss: 1.56706138605
bpc: 2.26079168588
perplexity: 7.30856380885
accuracy: 0.533720930233

Creating checkpoint at lstm/test_res_net_1000_emb150_nl1_nn100_bs32_nu10/checkpoints/35800


step: 35800
learning_rate: 0.04000000000000001
results on train dataset
loss: 1.58638
bpc: 2.28867
perplexity: 7.53103
accuracy: 0.5125
results on validation dataset default_1
loss: 1.56846110264
bpc: 2.26281104802
perplexity: 7.30406067358
accuracy: 0.533139534884


step: 35900
learning_rate: 0.04000000000000001
results on train dataset
loss: 1.54541
bpc: 2.22956
perplexity: 7.39558
accuracy: 0.53125
results on validation dataset default_1
loss: 1.56917990182
bpc: 2.26384805613
perplexity: 7.30410564576
accuracy: 0.530813953488

Creating checkpoint at lstm/test_res_net_1000_emb150_nl1_nn100_bs32_nu10/checkpoints/36000


step: 36000
learning_rate: 0.04000000000000001
results on train dataset
loss: 1.47131
bpc: 2.12265
perplexity: 7.38103
accuracy: 0.584375
results on validation dataset default_1
loss: 1.56942793265
bpc: 2.26420588811
perplexity: 7.29407156006
accuracy: 0.532558139535


step: 36100
learning_rate: 0.04000000000000001
results on train dataset
loss: 1.52402
bpc: 2.19869
perplexity: 7.46434
accuracy: 0.50625
results on validation dataset default_1
loss: 1.56906120435
bpc: 2.26367681385
perplexity: 7.28603674873
accuracy: 0.532558139535

Creating checkpoint at lstm/test_res_net_1000_emb150_nl1_nn100_bs32_nu10/checkpoints/36200


step: 36200
learning_rate: 0.04000000000000001
results on train dataset
loss: 1.56433
bpc: 2.25685
perplexity: 7.38865
accuracy: 0.515625
results on validation dataset default_1
loss: 1.56903141292
bpc: 2.2636338306
perplexity: 7.2744808563
accuracy: 0.532558139535


step: 36300
learning_rate: 0.04000000000000001
results on train dataset
loss: 1.37135
bpc: 1.97844
perplexity: 7.14285
accuracy: 0.6
results on validation dataset default_1
loss: 1.56984995081
bpc: 2.26481473225
perplexity: 7.26642077725
accuracy: 0.531976744186

Creating checkpoint at lstm/test_res_net_1000_emb150_nl1_nn100_bs32_nu10/checkpoints/36400


step: 36400
learning_rate: 0.04000000000000001
results on train dataset
loss: 1.53259
bpc: 2.21107
perplexity: 7.23209
accuracy: 0.503125
results on validation dataset default_1
loss: 1.57029117081
bpc: 2.26545127639
perplexity: 7.25559686817
accuracy: 0.532558139535


step: 36500
learning_rate: 0.04000000000000001
results on train dataset
loss: 1.47855
bpc: 2.13309
perplexity: 7.4317
accuracy: 0.5875
results on validation dataset default_1
loss: 1.56960397109
bpc: 2.26445985883
perplexity: 7.25399259606
accuracy: 0.534302325581

Creating checkpoint at lstm/test_res_net_1000_emb150_nl1_nn100_bs32_nu10/checkpoints/36600


step: 36600
learning_rate: 0.04000000000000001
results on train dataset
loss: 1.43963
bpc: 2.07694
perplexity: 6.72592
accuracy: 0.559375
results on validation dataset default_1
loss: 1.56820879472
bpc: 2.26244704402
perplexity: 7.2488615675
accuracy: 0.534302325581


step: 36700
learning_rate: 0.04000000000000001
results on train dataset
loss: 1.38639
bpc: 2.00014
perplexity: 7.2593
accuracy: 0.575
results on validation dataset default_1
loss: 1.56930975274
bpc: 2.2640353939
perplexity: 7.23569267898
accuracy: 0.533720930233

Creating checkpoint at lstm/test_res_net_1000_emb150_nl1_nn100_bs32_nu10/checkpoints/36800


step: 36800
learning_rate: 0.04000000000000001
results on train dataset
loss: 1.41667
bpc: 2.04382
perplexity: 7.30555
accuracy: 0.55
results on validation dataset default_1
loss: 1.5687314847
bpc: 2.263201126
perplexity: 7.22385639645
accuracy: 0.533139534884


step: 36900
learning_rate: 0.04000000000000001
results on train dataset
loss: 1.51178
bpc: 2.18104
perplexity: 7.62078
accuracy: 0.559375
results on validation dataset default_1
loss: 1.5682687003
bpc: 2.26253346619
perplexity: 7.21927725534
accuracy: 0.532558139535

Creating checkpoint at lstm/test_res_net_1000_emb150_nl1_nn100_bs32_nu10/checkpoints/37000


step: 37000
learning_rate: 0.04000000000000001
results on train dataset
loss: 1.53538
bpc: 2.21509
perplexity: 7.36709
accuracy: 0.55625
results on validation dataset default_1
loss: 1.56861705991
bpc: 2.26303604604
perplexity: 7.20319684598
accuracy: 0.531395348837


step: 37100
learning_rate: 0.04000000000000001
results on train dataset
loss: 1.4997
bpc: 2.16361
perplexity: 7.61066
accuracy: 0.5375
results on validation dataset default_1
loss: 1.56897933826
bpc: 2.26355870571
perplexity: 7.207343454
accuracy: 0.531976744186

Creating checkpoint at lstm/test_res_net_1000_emb150_nl1_nn100_bs32_nu10/checkpoints/37200


step: 37200
learning_rate: 0.04000000000000001
results on train dataset
loss: 1.52614
bpc: 2.20175
perplexity: 6.96832
accuracy: 0.559375
results on validation dataset default_1
loss: 1.5693208727
bpc: 2.26405143598
perplexity: 7.20284730965
accuracy: 0.532558139535


step: 37300
learning_rate: 0.04000000000000001
results on train dataset
loss: 1.51095
bpc: 2.17983
perplexity: 6.63352
accuracy: 0.565625
results on validation dataset default_1
loss: 1.57003215821
bpc: 2.26507760038
perplexity: 7.20008203963
accuracy: 0.530813953488

Creating checkpoint at lstm/test_res_net_1000_emb150_nl1_nn100_bs32_nu10/checkpoints/37400


step: 37400
learning_rate: 0.04000000000000001
results on train dataset
loss: 1.36902
bpc: 1.97507
perplexity: 6.64039
accuracy: 0.559375
results on validation dataset default_1
loss: 1.57052375892
bpc: 2.26578682981
perplexity: 7.19454959929
accuracy: 0.534302325581


step: 37500
learning_rate: 0.04000000000000001
results on train dataset
loss: 1.40636
bpc: 2.02895
perplexity: 6.93947
accuracy: 0.571875
results on validation dataset default_1
loss: 1.57108202932
bpc: 2.26659224806
perplexity: 7.19204781707
accuracy: 0.531976744186

Creating checkpoint at lstm/test_res_net_1000_emb150_nl1_nn100_bs32_nu10/checkpoints/37600


step: 37600
learning_rate: 0.04000000000000001
results on train dataset
loss: 1.43254
bpc: 2.06672
perplexity: 7.19693
accuracy: 0.55
results on validation dataset default_1
loss: 1.57085113195
bpc: 2.26625913287
perplexity: 7.19420322159
accuracy: 0.531976744186


step: 37700
learning_rate: 0.04000000000000001
results on train dataset
loss: 1.45258
bpc: 2.09562
perplexity: 7.05754
accuracy: 0.559375
results on validation dataset default_1
loss: 1.57095309144
bpc: 2.26640622623
perplexity: 7.21206731159
accuracy: 0.531976744186

Creating checkpoint at lstm/test_res_net_1000_emb150_nl1_nn100_bs32_nu10/checkpoints/37800


step: 37800
learning_rate: 0.04000000000000001
results on train dataset
loss: 1.37946
bpc: 1.99014
perplexity: 6.77963
accuracy: 0.58125
results on validation dataset default_1
loss: 1.57074252524
bpc: 2.26610244602
perplexity: 7.21586536467
accuracy: 0.532558139535


step: 37900
learning_rate: 0.04000000000000001
results on train dataset
loss: 1.64476
bpc: 2.37289
perplexity: 7.48267
accuracy: 0.5
results on validation dataset default_1
loss: 1.57073816481
bpc: 2.26609615732
perplexity: 7.2322019997
accuracy: 0.533139534884

Creating checkpoint at lstm/test_res_net_1000_emb150_nl1_nn100_bs32_nu10/checkpoints/38000


step: 38000
learning_rate: 0.04000000000000001
results on train dataset
loss: 1.48947
bpc: 2.14884
perplexity: 7.83749
accuracy: 0.55625
results on validation dataset default_1
loss: 1.56996664666
bpc: 2.26498308888
perplexity: 7.24591024359
accuracy: 0.537209302326


step: 38100
learning_rate: 0.04000000000000001
results on train dataset
loss: 1.54681
bpc: 2.23158
perplexity: 7.73119
accuracy: 0.528125
results on validation dataset default_1
loss: 1.56990641062
bpc: 2.26489618911
perplexity: 7.23637574398
accuracy: 0.537790697674

Creating checkpoint at lstm/test_res_net_1000_emb150_nl1_nn100_bs32_nu10/checkpoints/38200


step: 38200
learning_rate: 0.04000000000000001
results on train dataset
loss: 1.42083
bpc: 2.04982
perplexity: 6.7633
accuracy: 0.5625
results on validation dataset default_1
loss: 1.57084087491
bpc: 2.26624433638
perplexity: 7.23509637575
accuracy: 0.537790697674


step: 38300
learning_rate: 0.04000000000000001
results on train dataset
loss: 1.65291
bpc: 2.38465
perplexity: 7.3904
accuracy: 0.5
results on validation dataset default_1
loss: 1.57067967192
bpc: 2.266011768
perplexity: 7.22945397822
accuracy: 0.535465116279

Creating checkpoint at lstm/test_res_net_1000_emb150_nl1_nn100_bs32_nu10/checkpoints/38400


step: 38400
learning_rate: 0.04000000000000001
results on train dataset
loss: 1.43284
bpc: 2.06715
perplexity: 6.88069
accuracy: 0.58125
results on validation dataset default_1
loss: 1.56915947348
bpc: 2.26381858505
perplexity: 7.21613584992
accuracy: 0.533720930233


step: 38500
learning_rate: 0.04000000000000001
results on train dataset
loss: 1.54293
bpc: 2.22598
perplexity: 7.70453
accuracy: 0.559375
results on validation dataset default_1
loss: 1.5699556268
bpc: 2.26496718909
perplexity: 7.21084053939
accuracy: 0.534302325581

Creating checkpoint at lstm/test_res_net_1000_emb150_nl1_nn100_bs32_nu10/checkpoints/38600


step: 38600
learning_rate: 0.04000000000000001
results on train dataset
loss: 1.73366
bpc: 2.50114
perplexity: 7.67379
accuracy: 0.459375
results on validation dataset default_1
loss: 1.56996895039
bpc: 2.26498641494
perplexity: 7.21477502806
accuracy: 0.534302325581


step: 38700
learning_rate: 0.04000000000000001
results on train dataset
loss: 1.4707
bpc: 2.12177
perplexity: 6.58394
accuracy: 0.525
results on validation dataset default_1
loss: 1.56883630404
bpc: 2.26335234999
perplexity: 7.21394170765
accuracy: 0.532558139535

Creating checkpoint at lstm/test_res_net_1000_emb150_nl1_nn100_bs32_nu10/checkpoints/38800


step: 38800
learning_rate: 0.04000000000000001
results on train dataset
loss: 1.65297
bpc: 2.38472
perplexity: 7.03416
accuracy: 0.49375
results on validation dataset default_1
loss: 1.56842006051
bpc: 2.26275183606
perplexity: 7.21435039577
accuracy: 0.533139534884


step: 38900
learning_rate: 0.04000000000000001
results on train dataset
loss: 1.53445
bpc: 2.21374
perplexity: 7.24749
accuracy: 0.565625
results on validation dataset default_1
loss: 1.56848964122
bpc: 2.26285222298
perplexity: 7.23055802681
accuracy: 0.53488372093

Creating checkpoint at lstm/test_res_net_1000_emb150_nl1_nn100_bs32_nu10/checkpoints/39000


step: 39000
learning_rate: 0.004000000000000001
results on train dataset
loss: 1.52497
bpc: 2.20006
perplexity: 6.65243
accuracy: 0.54375
results on validation dataset default_1
loss: 1.56948198239
bpc: 2.26428387049
perplexity: 7.23807771906
accuracy: 0.534302325581


step: 39100
learning_rate: 0.004000000000000001
results on train dataset
loss: 1.40404
bpc: 2.0256
perplexity: 7.25005
accuracy: 0.5625
results on validation dataset default_1
loss: 1.56938499124
bpc: 2.26414393764
perplexity: 7.2386328675
accuracy: 0.53488372093

Creating checkpoint at lstm/test_res_net_1000_emb150_nl1_nn100_bs32_nu10/checkpoints/39200


step: 39200
learning_rate: 0.004000000000000001
results on train dataset
loss: 1.40909
bpc: 2.03289
perplexity: 7.20475
accuracy: 0.54375
results on validation dataset default_1
loss: 1.56930314741
bpc: 2.26402586122
perplexity: 7.23617517796
accuracy: 0.535465116279


step: 39300
learning_rate: 0.004000000000000001
results on train dataset
loss: 1.65329
bpc: 2.38519
perplexity: 6.94455
accuracy: 0.5125
results on validation dataset default_1
loss: 1.56930030123
bpc: 2.26402175319
perplexity: 7.23561898054
accuracy: 0.53488372093

Creating checkpoint at lstm/test_res_net_1000_emb150_nl1_nn100_bs32_nu10/checkpoints/39400


step: 39400
learning_rate: 0.004000000000000001
results on train dataset
loss: 1.77076
bpc: 2.55467
perplexity: 7.58694
accuracy: 0.478125
results on validation dataset default_1
loss: 1.56924806479
bpc: 2.26394639701
perplexity: 7.23515375312
accuracy: 0.535465116279


step: 39500
learning_rate: 0.004000000000000001
results on train dataset
loss: 1.53855
bpc: 2.21966
perplexity: 7.49009
accuracy: 0.51875
results on validation dataset default_1
loss: 1.56936945335
bpc: 2.26412152048
perplexity: 7.23526102561
accuracy: 0.535465116279

Creating checkpoint at lstm/test_res_net_1000_emb150_nl1_nn100_bs32_nu10/checkpoints/39600


step: 39600
learning_rate: 0.004000000000000001
results on train dataset
loss: 1.51204
bpc: 2.18141
perplexity: 7.4854
accuracy: 0.525
results on validation dataset default_1
loss: 1.56936002629
bpc: 2.26410792392
perplexity: 7.23516630045
accuracy: 0.535465116279


step: 39700
learning_rate: 0.004000000000000001
results on train dataset
loss: 1.52961
bpc: 2.20676
perplexity: 8.0753
accuracy: 0.55
results on validation dataset default_1
loss: 1.56931681774
bpc: 2.26404558339
perplexity: 7.23419666221
accuracy: 0.537209302326

Creating checkpoint at lstm/test_res_net_1000_emb150_nl1_nn100_bs32_nu10/checkpoints/39800


step: 39800
learning_rate: 0.004000000000000001
results on train dataset
loss: 1.71712
bpc: 2.47728
perplexity: 8.90071
accuracy: 0.475
results on validation dataset default_1
loss: 1.56929340778
bpc: 2.26401180987
perplexity: 7.2344895306
accuracy: 0.53488372093


step: 39900
learning_rate: 0.004000000000000001
results on train dataset
loss: 1.61383
bpc: 2.32827
perplexity: 7.23515
accuracy: 0.490625
results on validation dataset default_1
loss: 1.56928316589
bpc: 2.26399703237
perplexity: 7.23391881675
accuracy: 0.534302325581

Creating checkpoint at lstm/test_res_net_1000_emb150_nl1_nn100_bs32_nu10/checkpoints/40000


step: 40000
learning_rate: 0.004000000000000001
results on train dataset
loss: 1.46107
bpc: 2.10788
perplexity: 7.4364
accuracy: 0.55
results on validation dataset default_1
loss: 1.56928017344
bpc: 2.26399271576
perplexity: 7.23536218925
accuracy: 0.53488372093

Creating checkpoint at lstm/test_res_net_1000_emb150_nl1_nn100_bs32_nu10/checkpoints/final
